gplink-1.2.0 #980 (Oct 25 2013)
Map File - Created 5-6-2014  00:21:57

                                 Section Info
                  Section       Type    Address   Location Size(Bytes)
                ---------  ---------  ---------  ---------  ---------
.config_300000_METER_LOGGER.O    romdata   0x300000    program   0x000001
.config_300001_METER_LOGGER.O    romdata   0x300001    program   0x000001
.config_300002_METER_LOGGER.O    romdata   0x300002    program   0x000001
.config_300003_METER_LOGGER.O    romdata   0x300003    program   0x000001
.config_300005_METER_LOGGER.O    romdata   0x300005    program   0x000001
.config_300006_METER_LOGGER.O    romdata   0x300006    program   0x000001
.config_300008_METER_LOGGER.O    romdata   0x300008    program   0x000001
.config_300009_METER_LOGGER.O    romdata   0x300009    program   0x000001
.config_30000A_METER_LOGGER.O    romdata   0x30000a    program   0x000001
.config_30000B_METER_LOGGER.O    romdata   0x30000b    program   0x000001
.config_30000C_METER_LOGGER.O    romdata   0x30000c    program   0x000001
.config_30000D_METER_LOGGER.O    romdata   0x30000d    program   0x000001
           S_crt0___entry       code   0x000000    program   0x000004
 S___eeprom_gptrput1_stub       code   0x000004    program   0x000004
S_meter_logger_ivec_0x1_isr_high_prio       code   0x000008    program   0x000004
      S_ubusy__usart_busy       code   0x00000c    program   0x000008
 S___eeprom_gptrget1_stub       code   0x000014    program   0x000004
S_meter_logger_ivec_0x2_isr_low_prio       code   0x000018    program   0x000004
S_meter_logger__send_fsk_high       code   0x00001c    program   0x000bc0
S_meter_logger__send_fsk_low       code   0x000bdc    program   0x000b46
S_meter_logger__isr_high_prio       code   0x001722    program   0x00068c
     S_meter_logger__main       code   0x001dae    program   0x00028e
      S_mullong___mullong       code   0x00203c    program   0x000214
S_meter_logger__valid_err_corr       code   0x002250    program   0x000200
S_meter_logger__fifo_snoop       code   0x002450    program   0x0001a0
 S_meter_logger__fifo_get       code   0x0025f0    program   0x00017e
 S_meter_logger__sleep_ms       code   0x00276e    program   0x00014a
 S_meter_logger__fifo_put       code   0x0028b8    program   0x00011e
S_meter_logger__isr_low_prio       code   0x0029d6    program   0x0000cc
  S_meter_logger___debug2       code   0x002aa2    program   0x0000c6
   S_meter_logger___debug       code   0x002b68    program   0x0000c6
  S_meter_logger__reverse       code   0x002c2e    program   0x00008c
      S_uputs__usart_puts       code   0x002cba    program   0x000078
S_meter_logger__fsk_rx_enable       code   0x002d32    program   0x00005c
S_meter_logger__init_system       code   0x002d8e    program   0x000050
S_meter_logger__rs232_tx_enable       code   0x002dde    program   0x00003c
S_meter_logger__testo_ir_enable       code   0x002e1a    program   0x00003c
S_meter_logger__fifo_in_use       code   0x002e56    program   0x000038
S_meter_logger__fsk_tx_enable       code   0x002e8e    program   0x000034
S_meter_logger__my_usart_open       code   0x002ec2    program   0x00002a
      S_ugetc__usart_getc       code   0x002eec    program   0x000028
S_meter_logger__fsk_tx_byte       code   0x002f14    program   0x000026
S_meter_logger__flash_led       code   0x002f3a    program   0x000024
    S_gptrget1___gptrget1       code   0x002f5e    program   0x000022
S_eeprom8_gptrput1____eeprom8_gptrput1       code   0x002f80    program   0x000020
S_eeprom8_gptrget1____eeprom8_gptrget1       code   0x002fa0    program   0x000018
    S_gptrput1___gptrput1       code   0x002fb8    program   0x000016
S_meter_logger__fsk_rx_disable       code   0x002fce    program   0x000014
S_meter_logger__testo_ir_disable       code   0x002fe2    program   0x000014
         S_crt0___startup       code   0x002ff6    program   0x000014
S_meter_logger__fsk_tx_disable       code   0x00300a    program   0x000010
      S_uputc__usart_putc       code   0x00301a    program   0x000010
S_eeprom8_write____eeprom8_write       code   0x00302a    program   0x000010
S_meter_logger__rs232_tx_disable       code   0x00303a    program   0x00000e
      S_udrdy__usart_drdy       code   0x003048    program   0x000008
               .registers      udata   0x000000       data   0x000010
     udata_meter_logger_0      udata   0x000060       data   0x000040
    udata_meter_logger_10      udata   0x0000a0       data   0x000010
     udata_meter_logger_8      udata   0x0000b0       data   0x000006
     udata_meter_logger_9      udata   0x0000b6       data   0x000006
     udata_meter_logger_1      udata   0x0000bc       data   0x000004
          udata_mullong_0      udata   0x0000c0       data   0x000004
          udata_mullong_1      udata   0x0000c4       data   0x000004
          udata_mullong_2      udata   0x0000c8       data   0x000004
          udata_mullong_3      udata   0x0000cc       data   0x000004
          udata_mullong_4      udata   0x0000d0       data   0x000004
     udata_meter_logger_2      udata   0x0000d4       data   0x000002
     udata_meter_logger_3      udata   0x0000d6       data   0x000002
     udata_meter_logger_6      udata   0x0000d8       data   0x000002
     udata_meter_logger_7      udata   0x0000da       data   0x000002
    udata_meter_logger_11      udata   0x0000dc       data   0x000002
    udata_meter_logger_14      udata   0x0000de       data   0x000002
     udata_meter_logger_4      udata   0x0000e0       data   0x000001
     udata_meter_logger_5      udata   0x0000e1       data   0x000001
    udata_meter_logger_12      udata   0x0000e2       data   0x000001
    udata_meter_logger_13      udata   0x0000e3       data   0x000001
           udata_usartd_0      udata   0x0000e4       data   0x000001
    udata_meter_logger_16      udata   0x000100       data   0x000100
    udata_meter_logger_17      udata   0x000200       data   0x000100
    udata_meter_logger_18      udata   0x000300       data   0x000100
            stack_section      udata   0x000400       data   0x000100
    udata_meter_logger_15      udata   0x000700       data   0x000100
      ustat_pic18f2550_00      udata   0x000f66       data   0x00001d
      ustat_pic18f2550_01      udata   0x000f84       data   0x000001
      ustat_pic18f2550_02      udata   0x000f89       data   0x000003
      ustat_pic18f2550_03      udata   0x000f92       data   0x000003
      ustat_pic18f2550_04      udata   0x000f9b       data   0x000001
      ustat_pic18f2550_05      udata   0x000f9d       data   0x000006
      ustat_pic18f2550_06      udata   0x000fa6       data   0x000004
      ustat_pic18f2550_07      udata   0x000fab       data   0x00000e
      ustat_pic18f2550_08      udata   0x000fba       data   0x00001a
      ustat_pic18f2550_09      udata   0x000fd5       data   0x00002b



                              Program Memory Usage
                               Start         End
                           ---------   ---------
                            0x000008    0x00000b
                            0x000018    0x00001b
                            0x001dae    0x00203b
                            0x002aa2    0x002b67
                            0x002b68    0x002c2d
                            0x002f3a    0x002f5d
                            0x002450    0x0025ef
                            0x0025f0    0x00276d
                            0x0028b8    0x0029d5
                            0x002e56    0x002e8d
                            0x002f14    0x002f39
                            0x000bdc    0x001721
                            0x00001c    0x000bdb
                            0x002fce    0x002fe1
                            0x002d32    0x002d8d
                            0x00300a    0x003019
                            0x002e8e    0x002ec1
                            0x00303a    0x003047
                            0x002dde    0x002e19
                            0x002fe2    0x002ff5
                            0x002e1a    0x002e55
                            0x002250    0x00244f
                            0x002c2e    0x002cb9
                            0x002ec2    0x002eeb
                            0x002d8e    0x002ddd
                            0x00276e    0x0028b7
                            0x0029d6    0x002aa1
                            0x001722    0x001dad
                            0x300000    0x300000
                            0x300001    0x300001
                            0x300002    0x300002
                            0x300003    0x300003
                            0x300005    0x300005
                            0x300006    0x300006
                            0x300008    0x300008
                            0x300009    0x300009
                            0x30000a    0x30000a
                            0x30000b    0x30000b
                            0x30000c    0x30000c
                            0x30000d    0x30000d
                            0x000000    0x000003
                            0x002ff6    0x003009
                            0x00203c    0x00224f
                            0x002fb8    0x002fcd
                            0x00301a    0x003029
                            0x002cba    0x002d31
                            0x00000c    0x000013
                            0x002eec    0x002f13
                            0x003048    0x00304f
                            0x000004    0x000007
                            0x002f80    0x002f9f
                            0x002f5e    0x002f7f
                            0x00302a    0x003039
                            0x000014    0x000017
                            0x002fa0    0x002fb7
                            12380 program addresses used



                              Symbols - Sorted by Name
                     Name    Address   Location    Storage File
                ---------  ---------  ---------  --------- ---------
               _00105_DS_   0x002ce4    program     static libio18f2550_a-uputs.asm
               _00105_DS_   0x001e12    program     static meter_logger.asm
               _00106_DS_   0x001e60    program     static meter_logger.asm
               _00108_DS_   0x002f00    program     static libio18f2550_a-ugetc.asm
               _00108_DS_   0x001e98    program     static meter_logger.asm
               _00109_DS_   0x001ec0    program     static meter_logger.asm
               _00110_DS_   0x002f08    program     static libio18f2550_a-ugetc.asm
               _00111_DS_   0x001f0c    program     static meter_logger.asm
               _00112_DS_   0x001f36    program     static meter_logger.asm
               _00112_DS_   0x002f10    program     static libio18f2550_a-ugetc.asm
               _00113_DS_   0x001f84    program     static meter_logger.asm
               _00115_DS_   0x001fbc    program     static meter_logger.asm
               _00116_DS_   0x001fc4    program     static meter_logger.asm
               _00118_DS_   0x002010    program     static meter_logger.asm
               _00120_DS_   0x002d18    program     static libio18f2550_a-uputs.asm
               _00123_DS_   0x001dda    program     static meter_logger.asm
               _00164_DS_   0x001e06    program     static meter_logger.asm
               _00166_DS_   0x001e10    program     static meter_logger.asm
               _00167_DS_   0x001e6a    program     static meter_logger.asm
               _00168_DS_   0x001f8e    program     static meter_logger.asm
               _00174_DS_   0x0017cc    program     static meter_logger.asm
               _00175_DS_   0x0017da    program     static meter_logger.asm
               _00177_DS_   0x001826    program     static meter_logger.asm
               _00180_DS_   0x001834    program     static meter_logger.asm
               _00183_DS_   0x001840    program     static meter_logger.asm
               _00185_DS_   0x0018d4    program     static meter_logger.asm
               _00186_DS_   0x0018fa    program     static meter_logger.asm
               _00188_DS_   0x00196c    program     static meter_logger.asm
               _00189_DS_   0x001980    program     static meter_logger.asm
               _00191_DS_   0x00198e    program     static meter_logger.asm
               _00194_DS_   0x0018ba    program     static meter_logger.asm
               _00195_DS_   0x001908    program     static meter_logger.asm
               _00196_DS_   0x001998    program     static meter_logger.asm
               _00199_DS_   0x001882    program     static meter_logger.asm
               _00201_DS_   0x0019cc    program     static meter_logger.asm
               _00208_DS_   0x0019d0    program     static meter_logger.asm
               _00210_DS_   0x0019d2    program     static meter_logger.asm
               _00212_DS_   0x001a10    program     static meter_logger.asm
               _00213_DS_   0x001a1a    program     static meter_logger.asm
               _00214_DS_   0x001a36    program     static meter_logger.asm
               _00217_DS_   0x001a74    program     static meter_logger.asm
               _00219_DS_   0x001aa8    program     static meter_logger.asm
               _00221_DS_   0x001ab2    program     static meter_logger.asm
               _00223_DS_   0x001aba    program     static meter_logger.asm
               _00224_DS_   0x001acc    program     static meter_logger.asm
               _00226_DS_   0x001b06    program     static meter_logger.asm
               _00230_DS_   0x001b1e    program     static meter_logger.asm
               _00232_DS_   0x001b26    program     static meter_logger.asm
               _00234_DS_   0x001b3e    program     static meter_logger.asm
               _00235_DS_   0x001b68    program     static meter_logger.asm
               _00237_DS_   0x001b7a    program     static meter_logger.asm
               _00238_DS_   0x001b7e    program     static meter_logger.asm
               _00239_DS_   0x001b8c    program     static meter_logger.asm
               _00241_DS_   0x001bc2    program     static meter_logger.asm
               _00244_DS_   0x001bc8    program     static meter_logger.asm
               _00247_DS_   0x001bd4    program     static meter_logger.asm
               _00248_DS_   0x001be2    program     static meter_logger.asm
               _00250_DS_   0x001bec    program     static meter_logger.asm
               _00252_DS_   0x001bee    program     static meter_logger.asm
               _00259_DS_   0x001cc2    program     static meter_logger.asm
               _00262_DS_   0x001cae    program     static meter_logger.asm
               _00266_DS_   0x001cda    program     static meter_logger.asm
               _00267_DS_   0x001cdc    program     static meter_logger.asm
               _00271_DS_   0x001cde    program     static meter_logger.asm
               _00428_DS_   0x0017a6    program     static meter_logger.asm
               _00434_DS_   0x0017ca    program     static meter_logger.asm
               _00435_DS_   0x0017f4    program     static meter_logger.asm
               _00436_DS_   0x001810    program     static meter_logger.asm
               _00439_DS_   0x001864    program     static meter_logger.asm
               _00440_DS_   0x001880    program     static meter_logger.asm
               _00441_DS_   0x00189c    program     static meter_logger.asm
               _00442_DS_   0x0018b8    program     static meter_logger.asm
               _00445_DS_   0x001922    program     static meter_logger.asm
               _00446_DS_   0x00193e    program     static meter_logger.asm
               _00450_DS_   0x0019a0    program     static meter_logger.asm
               _00453_DS_   0x0019f2    program     static meter_logger.asm
               _00455_DS_   0x0019fa    program     static meter_logger.asm
               _00457_DS_   0x001a04    program     static meter_logger.asm
               _00459_DS_   0x001a0e    program     static meter_logger.asm
               _00465_DS_   0x001a34    program     static meter_logger.asm
               _00473_DS_   0x001ae8    program     static meter_logger.asm
               _00474_DS_   0x001af6    program     static meter_logger.asm
               _00483_DS_   0x001b5e    program     static meter_logger.asm
               _00485_DS_   0x001b66    program     static meter_logger.asm
               _00488_DS_   0x001bb0    program     static meter_logger.asm
               _00489_DS_   0x001baa    program     static meter_logger.asm
               _00491_DS_   0x001c4c    program     static meter_logger.asm
               _00492_DS_   0x001c5a    program     static meter_logger.asm
               _00495_DS_   0x001c84    program     static meter_logger.asm
               _00497_DS_   0x001cb6    program     static meter_logger.asm
               _00502_DS_   0x002a28    program     static meter_logger.asm
               _00503_DS_   0x002a32    program     static meter_logger.asm
               _00506_DS_   0x002a4a    program     static meter_logger.asm
               _00508_DS_   0x002a5c    program     static meter_logger.asm
               _00511_DS_   0x002a72    program     static meter_logger.asm
               _00532_DS_   0x002a5a    program     static meter_logger.asm
               _00537_DS_   0x0027de    program     static meter_logger.asm
               _00542_DS_   0x002848    program     static meter_logger.asm
               _00543_DS_   0x002858    program     static meter_logger.asm
               _00550_DS_   0x00286e    program     static meter_logger.asm
               _00575_DS_   0x002424    program     static meter_logger.asm
               _00577_DS_   0x002294    program     static meter_logger.asm
               _00579_DS_   0x0022f4    program     static meter_logger.asm
               _00581_DS_   0x002356    program     static meter_logger.asm
               _00583_DS_   0x0023b8    program     static meter_logger.asm
               _00585_DS_   0x002426    program     static meter_logger.asm
               _00619_DS_   0x0022ac    program     static meter_logger.asm
               _00620_DS_   0x0022a4    program     static meter_logger.asm
               _00622_DS_   0x0022c2    program     static meter_logger.asm
               _00623_DS_   0x0022c4    program     static meter_logger.asm
               _00627_DS_   0x00230c    program     static meter_logger.asm
               _00628_DS_   0x002304    program     static meter_logger.asm
               _00630_DS_   0x002322    program     static meter_logger.asm
               _00631_DS_   0x002324    program     static meter_logger.asm
               _00636_DS_   0x00236e    program     static meter_logger.asm
               _00637_DS_   0x002366    program     static meter_logger.asm
               _00639_DS_   0x002384    program     static meter_logger.asm
               _00640_DS_   0x002386    program     static meter_logger.asm
               _00645_DS_   0x0023d0    program     static meter_logger.asm
               _00646_DS_   0x0023c8    program     static meter_logger.asm
               _00648_DS_   0x0023e6    program     static meter_logger.asm
               _00649_DS_   0x0023e8    program     static meter_logger.asm
               _00653_DS_   0x00241e    program     static meter_logger.asm
               _00654_DS_   0x002420    program     static meter_logger.asm
               _00719_DS_   0x00292c    program     static meter_logger.asm
               _00720_DS_   0x00294a    program     static meter_logger.asm
               _00721_DS_   0x002968    program     static meter_logger.asm
               _00722_DS_   0x002986    program     static meter_logger.asm
               _00723_DS_   0x0029a2    program     static meter_logger.asm
               _00725_DS_   0x0029be    program     static meter_logger.asm
               _00727_DS_   0x0029c2    program     static meter_logger.asm
               _00729_DS_   0x0029c4    program     static meter_logger.asm
               _00741_DS_   0x0028e8    program     static meter_logger.asm
               _00742_DS_   0x0028fa    program     static meter_logger.asm
               _00743_DS_   0x00291c    program     static meter_logger.asm
               _00748_DS_   0x0029b6    program     static meter_logger.asm
               _00749_DS_   0x0029b8    program     static meter_logger.asm
               _00754_DS_   0x002674    program     static meter_logger.asm
               _00755_DS_   0x0026a4    program     static meter_logger.asm
               _00756_DS_   0x0026d4    program     static meter_logger.asm
               _00757_DS_   0x002704    program     static meter_logger.asm
               _00758_DS_   0x002732    program     static meter_logger.asm
               _00760_DS_   0x00274e    program     static meter_logger.asm
               _00762_DS_   0x002752    program     static meter_logger.asm
               _00764_DS_   0x002754    program     static meter_logger.asm
               _00775_DS_   0x002642    program     static meter_logger.asm
               _00776_DS_   0x002664    program     static meter_logger.asm
               _00781_DS_   0x002746    program     static meter_logger.asm
               _00782_DS_   0x002748    program     static meter_logger.asm
               _00787_DS_   0x0024ee    program     static meter_logger.asm
               _00788_DS_   0x002526    program     static meter_logger.asm
               _00789_DS_   0x00255e    program     static meter_logger.asm
               _00790_DS_   0x002596    program     static meter_logger.asm
               _00791_DS_   0x0025c8    program     static meter_logger.asm
               _00793_DS_   0x0025cc    program     static meter_logger.asm
               _00795_DS_   0x0025ce    program     static meter_logger.asm
               _00803_DS_   0x0024a6    program     static meter_logger.asm
               _00804_DS_   0x0024bc    program     static meter_logger.asm
               _00805_DS_   0x0024de    program     static meter_logger.asm
                     _01_   0x003026    program     static libio18f2550_a-uputc.asm
               _10105_DS_   0x002f00    program     static libio18f2550_a-ugetc.asm
               _10820_DS_   0x00273a    program     static meter_logger.asm
               _20821_DS_   0x0029aa    program     static meter_logger.asm
               _30822_DS_   0x002a5a    program     static meter_logger.asm
                  _ADCON0   0x000fc2       data     extern libdev18f2550_a-pic18f2550.asm
              _ADCON0bits   0x000fc2       data     extern libdev18f2550_a-pic18f2550.asm
                  _ADCON1   0x000fc1       data     extern libdev18f2550_a-pic18f2550.asm
              _ADCON1bits   0x000fc1       data     extern libdev18f2550_a-pic18f2550.asm
                  _ADCON2   0x000fc0       data     extern libdev18f2550_a-pic18f2550.asm
              _ADCON2bits   0x000fc0       data     extern libdev18f2550_a-pic18f2550.asm
                   _ADRES   0x000fc3       data     extern libdev18f2550_a-pic18f2550.asm
                  _ADRESH   0x000fc4       data     extern libdev18f2550_a-pic18f2550.asm
                  _ADRESL   0x000fc3       data     extern libdev18f2550_a-pic18f2550.asm
                 _BAUDCON   0x000fb8       data     extern libdev18f2550_a-pic18f2550.asm
             _BAUDCONbits   0x000fb8       data     extern libdev18f2550_a-pic18f2550.asm
                 _BAUDCTL   0x000fb8       data     extern libdev18f2550_a-pic18f2550.asm
             _BAUDCTLbits   0x000fb8       data     extern libdev18f2550_a-pic18f2550.asm
                     _BSR   0x000fe0       data     extern libdev18f2550_a-pic18f2550.asm
                  _CCP1AS   0x000fb6       data     extern libdev18f2550_a-pic18f2550.asm
              _CCP1ASbits   0x000fb6       data     extern libdev18f2550_a-pic18f2550.asm
                 _CCP1CON   0x000fbd       data     extern libdev18f2550_a-pic18f2550.asm
             _CCP1CONbits   0x000fbd       data     extern libdev18f2550_a-pic18f2550.asm
                 _CCP1DEL   0x000fb7       data     extern libdev18f2550_a-pic18f2550.asm
             _CCP1DELbits   0x000fb7       data     extern libdev18f2550_a-pic18f2550.asm
                 _CCP2CON   0x000fba       data     extern libdev18f2550_a-pic18f2550.asm
             _CCP2CONbits   0x000fba       data     extern libdev18f2550_a-pic18f2550.asm
                   _CCPR1   0x000fbe       data     extern libdev18f2550_a-pic18f2550.asm
                  _CCPR1H   0x000fbf       data     extern libdev18f2550_a-pic18f2550.asm
                  _CCPR1L   0x000fbe       data     extern libdev18f2550_a-pic18f2550.asm
                   _CCPR2   0x000fbb       data     extern libdev18f2550_a-pic18f2550.asm
                  _CCPR2H   0x000fbc       data     extern libdev18f2550_a-pic18f2550.asm
                  _CCPR2L   0x000fbb       data     extern libdev18f2550_a-pic18f2550.asm
                   _CMCON   0x000fb4       data     extern libdev18f2550_a-pic18f2550.asm
               _CMCONbits   0x000fb4       data     extern libdev18f2550_a-pic18f2550.asm
                  _CVRCON   0x000fb5       data     extern libdev18f2550_a-pic18f2550.asm
              _CVRCONbits   0x000fb5       data     extern libdev18f2550_a-pic18f2550.asm
                    _DDRA   0x000f92       data     extern libdev18f2550_a-pic18f2550.asm
                _DDRAbits   0x000f92       data     extern libdev18f2550_a-pic18f2550.asm
                    _DDRB   0x000f93       data     extern libdev18f2550_a-pic18f2550.asm
                _DDRBbits   0x000f93       data     extern libdev18f2550_a-pic18f2550.asm
                    _DDRC   0x000f94       data     extern libdev18f2550_a-pic18f2550.asm
                _DDRCbits   0x000f94       data     extern libdev18f2550_a-pic18f2550.asm
                 _ECCP1AS   0x000fb6       data     extern libdev18f2550_a-pic18f2550.asm
             _ECCP1ASbits   0x000fb6       data     extern libdev18f2550_a-pic18f2550.asm
                _ECCP1DEL   0x000fb7       data     extern libdev18f2550_a-pic18f2550.asm
            _ECCP1DELbits   0x000fb7       data     extern libdev18f2550_a-pic18f2550.asm
                   _EEADR   0x000fa9       data     extern libdev18f2550_a-pic18f2550.asm
                  _EECON1   0x000fa6       data     extern libdev18f2550_a-pic18f2550.asm
              _EECON1bits   0x000fa6       data     extern libdev18f2550_a-pic18f2550.asm
                  _EECON2   0x000fa7       data     extern libdev18f2550_a-pic18f2550.asm
                  _EEDATA   0x000fa8       data     extern libdev18f2550_a-pic18f2550.asm
                   _FSR0H   0x000fea       data     extern libdev18f2550_a-pic18f2550.asm
                   _FSR0L   0x000fe9       data     extern libdev18f2550_a-pic18f2550.asm
                   _FSR1H   0x000fe2       data     extern libdev18f2550_a-pic18f2550.asm
                   _FSR1L   0x000fe1       data     extern libdev18f2550_a-pic18f2550.asm
                   _FSR2H   0x000fda       data     extern libdev18f2550_a-pic18f2550.asm
                   _FSR2L   0x000fd9       data     extern libdev18f2550_a-pic18f2550.asm
                 _HLVDCON   0x000fd2       data     extern libdev18f2550_a-pic18f2550.asm
             _HLVDCONbits   0x000fd2       data     extern libdev18f2550_a-pic18f2550.asm
                   _INDF0   0x000fef       data     extern libdev18f2550_a-pic18f2550.asm
                   _INDF1   0x000fe7       data     extern libdev18f2550_a-pic18f2550.asm
                   _INDF2   0x000fdf       data     extern libdev18f2550_a-pic18f2550.asm
                  _INTCON   0x000ff2       data     extern libdev18f2550_a-pic18f2550.asm
                 _INTCON2   0x000ff1       data     extern libdev18f2550_a-pic18f2550.asm
             _INTCON2bits   0x000ff1       data     extern libdev18f2550_a-pic18f2550.asm
                 _INTCON3   0x000ff0       data     extern libdev18f2550_a-pic18f2550.asm
             _INTCON3bits   0x000ff0       data     extern libdev18f2550_a-pic18f2550.asm
              _INTCONbits   0x000ff2       data     extern libdev18f2550_a-pic18f2550.asm
                    _IPR1   0x000f9f       data     extern libdev18f2550_a-pic18f2550.asm
                _IPR1bits   0x000f9f       data     extern libdev18f2550_a-pic18f2550.asm
                    _IPR2   0x000fa2       data     extern libdev18f2550_a-pic18f2550.asm
                _IPR2bits   0x000fa2       data     extern libdev18f2550_a-pic18f2550.asm
                    _LATA   0x000f89       data     extern libdev18f2550_a-pic18f2550.asm
                _LATAbits   0x000f89       data     extern libdev18f2550_a-pic18f2550.asm
                    _LATB   0x000f8a       data     extern libdev18f2550_a-pic18f2550.asm
                _LATBbits   0x000f8a       data     extern libdev18f2550_a-pic18f2550.asm
                    _LATC   0x000f8b       data     extern libdev18f2550_a-pic18f2550.asm
                _LATCbits   0x000f8b       data     extern libdev18f2550_a-pic18f2550.asm
                  _LVDCON   0x000fd2       data     extern libdev18f2550_a-pic18f2550.asm
              _LVDCONbits   0x000fd2       data     extern libdev18f2550_a-pic18f2550.asm
                  _OSCCON   0x000fd3       data     extern libdev18f2550_a-pic18f2550.asm
              _OSCCONbits   0x000fd3       data     extern libdev18f2550_a-pic18f2550.asm
                 _OSCTUNE   0x000f9b       data     extern libdev18f2550_a-pic18f2550.asm
             _OSCTUNEbits   0x000f9b       data     extern libdev18f2550_a-pic18f2550.asm
                      _PC   0x000ff9       data     extern libdev18f2550_a-pic18f2550.asm
                     _PCL   0x000ff9       data     extern libdev18f2550_a-pic18f2550.asm
                  _PCLATH   0x000ffa       data     extern libdev18f2550_a-pic18f2550.asm
                  _PCLATU   0x000ffb       data     extern libdev18f2550_a-pic18f2550.asm
                    _PIE1   0x000f9d       data     extern libdev18f2550_a-pic18f2550.asm
                _PIE1bits   0x000f9d       data     extern libdev18f2550_a-pic18f2550.asm
                    _PIE2   0x000fa0       data     extern libdev18f2550_a-pic18f2550.asm
                _PIE2bits   0x000fa0       data     extern libdev18f2550_a-pic18f2550.asm
                    _PIR1   0x000f9e       data     extern libdev18f2550_a-pic18f2550.asm
                _PIR1bits   0x000f9e       data     extern libdev18f2550_a-pic18f2550.asm
                    _PIR2   0x000fa1       data     extern libdev18f2550_a-pic18f2550.asm
                _PIR2bits   0x000fa1       data     extern libdev18f2550_a-pic18f2550.asm
                  _PLUSW0   0x000feb       data     extern libdev18f2550_a-pic18f2550.asm
                  _PLUSW1   0x000fe3       data     extern libdev18f2550_a-pic18f2550.asm
                  _PLUSW2   0x000fdb       data     extern libdev18f2550_a-pic18f2550.asm
                   _PORTA   0x000f80       data     extern libdev18f2550_a-pic18f2550.asm
               _PORTAbits   0x000f80       data     extern libdev18f2550_a-pic18f2550.asm
                   _PORTB   0x000f81       data     extern libdev18f2550_a-pic18f2550.asm
               _PORTBbits   0x000f81       data     extern libdev18f2550_a-pic18f2550.asm
                   _PORTC   0x000f82       data     extern libdev18f2550_a-pic18f2550.asm
               _PORTCbits   0x000f82       data     extern libdev18f2550_a-pic18f2550.asm
                   _PORTE   0x000f84       data     extern libdev18f2550_a-pic18f2550.asm
               _PORTEbits   0x000f84       data     extern libdev18f2550_a-pic18f2550.asm
                _POSTDEC0   0x000fed       data     extern libdev18f2550_a-pic18f2550.asm
                _POSTDEC1   0x000fe5       data     extern libdev18f2550_a-pic18f2550.asm
                _POSTDEC2   0x000fdd       data     extern libdev18f2550_a-pic18f2550.asm
                _POSTINC0   0x000fee       data     extern libdev18f2550_a-pic18f2550.asm
                _POSTINC1   0x000fe6       data     extern libdev18f2550_a-pic18f2550.asm
                _POSTINC2   0x000fde       data     extern libdev18f2550_a-pic18f2550.asm
                     _PR2   0x000fcb       data     extern libdev18f2550_a-pic18f2550.asm
                 _PREINC0   0x000fec       data     extern libdev18f2550_a-pic18f2550.asm
                 _PREINC1   0x000fe4       data     extern libdev18f2550_a-pic18f2550.asm
                 _PREINC2   0x000fdc       data     extern libdev18f2550_a-pic18f2550.asm
                    _PROD   0x000ff3       data     extern libdev18f2550_a-pic18f2550.asm
                   _PRODH   0x000ff4       data     extern libdev18f2550_a-pic18f2550.asm
                   _PRODL   0x000ff3       data     extern libdev18f2550_a-pic18f2550.asm
                    _RCON   0x000fd0       data     extern libdev18f2550_a-pic18f2550.asm
                _RCONbits   0x000fd0       data     extern libdev18f2550_a-pic18f2550.asm
                   _RCREG   0x000fae       data     extern libdev18f2550_a-pic18f2550.asm
                   _RCSTA   0x000fab       data     extern libdev18f2550_a-pic18f2550.asm
               _RCSTAbits   0x000fab       data     extern libdev18f2550_a-pic18f2550.asm
                   _SPBRG   0x000faf       data     extern libdev18f2550_a-pic18f2550.asm
                  _SPBRGH   0x000fb0       data     extern libdev18f2550_a-pic18f2550.asm
                  _SSPADD   0x000fc8       data     extern libdev18f2550_a-pic18f2550.asm
                  _SSPBUF   0x000fc9       data     extern libdev18f2550_a-pic18f2550.asm
                 _SSPCON1   0x000fc6       data     extern libdev18f2550_a-pic18f2550.asm
             _SSPCON1bits   0x000fc6       data     extern libdev18f2550_a-pic18f2550.asm
                 _SSPCON2   0x000fc5       data     extern libdev18f2550_a-pic18f2550.asm
             _SSPCON2bits   0x000fc5       data     extern libdev18f2550_a-pic18f2550.asm
                 _SSPSTAT   0x000fc7       data     extern libdev18f2550_a-pic18f2550.asm
             _SSPSTATbits   0x000fc7       data     extern libdev18f2550_a-pic18f2550.asm
                  _STATUS   0x000fd8       data     extern libdev18f2550_a-pic18f2550.asm
              _STATUSbits   0x000fd8       data     extern libdev18f2550_a-pic18f2550.asm
                  _STKPTR   0x000ffc       data     extern libdev18f2550_a-pic18f2550.asm
              _STKPTRbits   0x000ffc       data     extern libdev18f2550_a-pic18f2550.asm
                   _T0CON   0x000fd5       data     extern libdev18f2550_a-pic18f2550.asm
               _T0CONbits   0x000fd5       data     extern libdev18f2550_a-pic18f2550.asm
                   _T1CON   0x000fcd       data     extern libdev18f2550_a-pic18f2550.asm
               _T1CONbits   0x000fcd       data     extern libdev18f2550_a-pic18f2550.asm
                   _T2CON   0x000fca       data     extern libdev18f2550_a-pic18f2550.asm
               _T2CONbits   0x000fca       data     extern libdev18f2550_a-pic18f2550.asm
                   _T3CON   0x000fb1       data     extern libdev18f2550_a-pic18f2550.asm
               _T3CONbits   0x000fb1       data     extern libdev18f2550_a-pic18f2550.asm
                  _TABLAT   0x000ff5       data     extern libdev18f2550_a-pic18f2550.asm
                  _TBLPTR   0x000ff6       data     extern libdev18f2550_a-pic18f2550.asm
                 _TBLPTRH   0x000ff7       data     extern libdev18f2550_a-pic18f2550.asm
                 _TBLPTRL   0x000ff6       data     extern libdev18f2550_a-pic18f2550.asm
                 _TBLPTRU   0x000ff8       data     extern libdev18f2550_a-pic18f2550.asm
                    _TMR0   0x000fd6       data     extern libdev18f2550_a-pic18f2550.asm
                   _TMR0H   0x000fd7       data     extern libdev18f2550_a-pic18f2550.asm
                   _TMR0L   0x000fd6       data     extern libdev18f2550_a-pic18f2550.asm
                    _TMR1   0x000fce       data     extern libdev18f2550_a-pic18f2550.asm
                   _TMR1H   0x000fcf       data     extern libdev18f2550_a-pic18f2550.asm
                   _TMR1L   0x000fce       data     extern libdev18f2550_a-pic18f2550.asm
                    _TMR2   0x000fcc       data     extern libdev18f2550_a-pic18f2550.asm
                    _TMR3   0x000fb2       data     extern libdev18f2550_a-pic18f2550.asm
                   _TMR3H   0x000fb3       data     extern libdev18f2550_a-pic18f2550.asm
                   _TMR3L   0x000fb2       data     extern libdev18f2550_a-pic18f2550.asm
                     _TOS   0x000ffd       data     extern libdev18f2550_a-pic18f2550.asm
                    _TOSH   0x000ffe       data     extern libdev18f2550_a-pic18f2550.asm
                    _TOSL   0x000ffd       data     extern libdev18f2550_a-pic18f2550.asm
                    _TOSU   0x000fff       data     extern libdev18f2550_a-pic18f2550.asm
                   _TRISA   0x000f92       data     extern libdev18f2550_a-pic18f2550.asm
               _TRISAbits   0x000f92       data     extern libdev18f2550_a-pic18f2550.asm
                   _TRISB   0x000f93       data     extern libdev18f2550_a-pic18f2550.asm
               _TRISBbits   0x000f93       data     extern libdev18f2550_a-pic18f2550.asm
                   _TRISC   0x000f94       data     extern libdev18f2550_a-pic18f2550.asm
               _TRISCbits   0x000f94       data     extern libdev18f2550_a-pic18f2550.asm
                   _TXREG   0x000fad       data     extern libdev18f2550_a-pic18f2550.asm
                   _TXSTA   0x000fac       data     extern libdev18f2550_a-pic18f2550.asm
               _TXSTAbits   0x000fac       data     extern libdev18f2550_a-pic18f2550.asm
                   _UADDR   0x000f6e       data     extern libdev18f2550_a-pic18f2550.asm
               _UADDRbits   0x000f6e       data     extern libdev18f2550_a-pic18f2550.asm
                    _UCFG   0x000f6f       data     extern libdev18f2550_a-pic18f2550.asm
                _UCFGbits   0x000f6f       data     extern libdev18f2550_a-pic18f2550.asm
                    _UCON   0x000f6d       data     extern libdev18f2550_a-pic18f2550.asm
                _UCONbits   0x000f6d       data     extern libdev18f2550_a-pic18f2550.asm
                    _UEIE   0x000f6b       data     extern libdev18f2550_a-pic18f2550.asm
                _UEIEbits   0x000f6b       data     extern libdev18f2550_a-pic18f2550.asm
                    _UEIR   0x000f6a       data     extern libdev18f2550_a-pic18f2550.asm
                _UEIRbits   0x000f6a       data     extern libdev18f2550_a-pic18f2550.asm
                    _UEP0   0x000f70       data     extern libdev18f2550_a-pic18f2550.asm
                _UEP0bits   0x000f70       data     extern libdev18f2550_a-pic18f2550.asm
                    _UEP1   0x000f71       data     extern libdev18f2550_a-pic18f2550.asm
                   _UEP10   0x000f7a       data     extern libdev18f2550_a-pic18f2550.asm
               _UEP10bits   0x000f7a       data     extern libdev18f2550_a-pic18f2550.asm
                   _UEP11   0x000f7b       data     extern libdev18f2550_a-pic18f2550.asm
               _UEP11bits   0x000f7b       data     extern libdev18f2550_a-pic18f2550.asm
                   _UEP12   0x000f7c       data     extern libdev18f2550_a-pic18f2550.asm
               _UEP12bits   0x000f7c       data     extern libdev18f2550_a-pic18f2550.asm
                   _UEP13   0x000f7d       data     extern libdev18f2550_a-pic18f2550.asm
               _UEP13bits   0x000f7d       data     extern libdev18f2550_a-pic18f2550.asm
                   _UEP14   0x000f7e       data     extern libdev18f2550_a-pic18f2550.asm
               _UEP14bits   0x000f7e       data     extern libdev18f2550_a-pic18f2550.asm
                   _UEP15   0x000f7f       data     extern libdev18f2550_a-pic18f2550.asm
               _UEP15bits   0x000f7f       data     extern libdev18f2550_a-pic18f2550.asm
                _UEP1bits   0x000f71       data     extern libdev18f2550_a-pic18f2550.asm
                    _UEP2   0x000f72       data     extern libdev18f2550_a-pic18f2550.asm
                _UEP2bits   0x000f72       data     extern libdev18f2550_a-pic18f2550.asm
                    _UEP3   0x000f73       data     extern libdev18f2550_a-pic18f2550.asm
                _UEP3bits   0x000f73       data     extern libdev18f2550_a-pic18f2550.asm
                    _UEP4   0x000f74       data     extern libdev18f2550_a-pic18f2550.asm
                _UEP4bits   0x000f74       data     extern libdev18f2550_a-pic18f2550.asm
                    _UEP5   0x000f75       data     extern libdev18f2550_a-pic18f2550.asm
                _UEP5bits   0x000f75       data     extern libdev18f2550_a-pic18f2550.asm
                    _UEP6   0x000f76       data     extern libdev18f2550_a-pic18f2550.asm
                _UEP6bits   0x000f76       data     extern libdev18f2550_a-pic18f2550.asm
                    _UEP7   0x000f77       data     extern libdev18f2550_a-pic18f2550.asm
                _UEP7bits   0x000f77       data     extern libdev18f2550_a-pic18f2550.asm
                    _UEP8   0x000f78       data     extern libdev18f2550_a-pic18f2550.asm
                _UEP8bits   0x000f78       data     extern libdev18f2550_a-pic18f2550.asm
                    _UEP9   0x000f79       data     extern libdev18f2550_a-pic18f2550.asm
                _UEP9bits   0x000f79       data     extern libdev18f2550_a-pic18f2550.asm
                    _UFRM   0x000f66       data     extern libdev18f2550_a-pic18f2550.asm
                   _UFRMH   0x000f67       data     extern libdev18f2550_a-pic18f2550.asm
               _UFRMHbits   0x000f67       data     extern libdev18f2550_a-pic18f2550.asm
                   _UFRML   0x000f66       data     extern libdev18f2550_a-pic18f2550.asm
               _UFRMLbits   0x000f66       data     extern libdev18f2550_a-pic18f2550.asm
                     _UIE   0x000f69       data     extern libdev18f2550_a-pic18f2550.asm
                 _UIEbits   0x000f69       data     extern libdev18f2550_a-pic18f2550.asm
                     _UIR   0x000f68       data     extern libdev18f2550_a-pic18f2550.asm
                 _UIRbits   0x000f68       data     extern libdev18f2550_a-pic18f2550.asm
            _USART_Status   0x0000e4       data     extern libio18f2550_a-usartd.asm
                   _USTAT   0x000f6c       data     extern libdev18f2550_a-pic18f2550.asm
               _USTATbits   0x000f6c       data     extern libdev18f2550_a-pic18f2550.asm
                  _WDTCON   0x000fd1       data     extern libdev18f2550_a-pic18f2550.asm
              _WDTCONbits   0x000fd1       data     extern libdev18f2550_a-pic18f2550.asm
                    _WREG   0x000fe8       data     extern libdev18f2550_a-pic18f2550.asm
      ___eeprom8_gptrget1   0x002fa0    program     extern eeprom8_gptrget1.asm
      ___eeprom8_gptrput1   0x002f80    program     extern eeprom8_gptrput1.asm
         ___eeprom8_write   0x00302a    program     extern eeprom8_write.asm
       ___eeprom_gptrget1   0x000014    program     extern gptr/eeprom8_gptrget1_dispatch.S
       ___eeprom_gptrput1   0x000004    program     extern gptr/eeprom8_gptrput1_dispatch.S
                  __debug   0x002b68    program     extern meter_logger.asm
                 __debug2   0x002aa2    program     extern meter_logger.asm
                  __entry   0x000000    program     extern crt0.asm
               __gptrget1   0x002f5e    program     extern gptrget1.asm
               __gptrput1   0x002fb8    program     extern gptrput1.asm
                __mullong   0x00203c    program     extern mullong.asm
         __mullong_t1_1_2   0x0000cc       data     static mullong.asm
         __mullong_t2_1_2   0x0000d0       data     static mullong.asm
          __mullong_t_1_2   0x0000c8       data     static mullong.asm
          __mullong_x_1_2   0x0000c0       data     static mullong.asm
          __mullong_y_1_2   0x0000c4       data     static mullong.asm
                __startup   0x002ff6    program     extern crt0.asm
                  __str_0   0x001d1e    program     static meter_logger.asm
                  __str_1   0x001d34    program     static meter_logger.asm
                  __str_2   0x001d5e    program     static meter_logger.asm
                  __str_3   0x001d78    program     static meter_logger.asm
                  __str_4   0x001d94    program     static meter_logger.asm
                  _buffer   0x000060       data     extern meter_logger.asm
                       _c   0x0000e3       data     extern meter_logger.asm
              _codec_type   0x0000e2       data     extern meter_logger.asm
           _fifo_buffer_0   0x000700       data     extern meter_logger.asm
           _fifo_buffer_1   0x000100       data     extern meter_logger.asm
           _fifo_buffer_2   0x000200       data     extern meter_logger.asm
           _fifo_buffer_3   0x000300       data     extern meter_logger.asm
                _fifo_get   0x0025f0    program     extern meter_logger.asm
               _fifo_head   0x0000d4       data     extern meter_logger.asm
             _fifo_in_use   0x002e56    program     extern meter_logger.asm
                _fifo_put   0x0028b8    program     extern meter_logger.asm
              _fifo_snoop   0x002450    program     extern meter_logger.asm
               _fifo_tail   0x0000d6       data     extern meter_logger.asm
               _flash_led   0x002f3a    program     extern meter_logger.asm
               _fsk_proto   0x0000a0       data     extern meter_logger.asm
          _fsk_rx_disable   0x002fce    program     extern meter_logger.asm
           _fsk_rx_enable   0x002d32    program     extern meter_logger.asm
             _fsk_tx_byte   0x002f14    program     extern meter_logger.asm
          _fsk_tx_disable   0x00300a    program     extern meter_logger.asm
           _fsk_tx_enable   0x002e8e    program     extern meter_logger.asm
             _init_system   0x002d8e    program     extern meter_logger.asm
           _isr_high_prio   0x001722    program     static meter_logger.asm
            _isr_low_prio   0x0029d6    program     static meter_logger.asm
                 _lab_01_   0x002f6a    program     static gptrget1.asm
                 _lab_01_   0x002fc6    program     static gptrput1.asm
            _last_timer_0   0x0000dc       data     extern meter_logger.asm
               _led_flash   0x0000de       data     extern meter_logger.asm
                    _main   0x001dae    program     extern meter_logger.asm
           _main_cmd_1_78   0x0000e0       data     static meter_logger.asm
       _main_sub_cmd_1_78   0x0000e1       data     static meter_logger.asm
           _my_usart_open   0x002ec2    program     extern meter_logger.asm
                 _reverse   0x002c2e    program     extern meter_logger.asm
          _rs232_ir_proto   0x0000b6       data     extern meter_logger.asm
        _rs232_tx_disable   0x00303a    program     extern meter_logger.asm
         _rs232_tx_enable   0x002dde    program     extern meter_logger.asm
           _send_fsk_high   0x00001c    program     extern meter_logger.asm
            _send_fsk_low   0x000bdc    program     extern meter_logger.asm
                _sleep_ms   0x00276e    program     extern meter_logger.asm
                   _stack   0x000400       data     extern stack/stack.S
               _stack_end   0x0004ff       data     extern stack/stack.S
        _testo_ir_disable   0x002fe2    program     extern meter_logger.asm
         _testo_ir_enable   0x002e1a    program     extern meter_logger.asm
          _testo_ir_proto   0x0000b0       data     extern meter_logger.asm
           _timer0_reload   0x0000da       data     extern meter_logger.asm
                 _timer_0   0x0000d8       data     extern meter_logger.asm
              _timer_1_ms   0x0000bc       data     extern meter_logger.asm
              _usart_busy   0x00000c    program     extern libio18f2550_a-ubusy.asm
              _usart_drdy   0x003048    program     extern libio18f2550_a-udrdy.asm
              _usart_getc   0x002eec    program     extern libio18f2550_a-ugetc.asm
              _usart_putc   0x00301a    program     extern libio18f2550_a-uputc.asm
              _usart_puts   0x002cba    program     extern libio18f2550_a-uputs.asm
          _valid_err_corr   0x002250    program     extern meter_logger.asm
   ivec_0x1_isr_high_prio   0x000008    program     static meter_logger.asm
    ivec_0x2_isr_low_prio   0x000018    program     static meter_logger.asm
                   lockup   0x003008    program     static crt0.asm
                    r0x00   0x000000       data     static libio18f2550_a-uputs.asm
                    r0x00   0x000000       data     static mullong.asm
                    r0x00   0x000000       data     static meter_logger.asm
                    r0x01   0x000001       data     static mullong.asm
                    r0x01   0x000001       data     static libio18f2550_a-uputs.asm
                    r0x01   0x000001       data     static meter_logger.asm
                    r0x02   0x000002       data     static libio18f2550_a-uputs.asm
                    r0x02   0x000002       data     static mullong.asm
                    r0x02   0x000002       data     static meter_logger.asm
                    r0x03   0x000003       data     static libio18f2550_a-uputs.asm
                    r0x03   0x000003       data     static meter_logger.asm
                    r0x03   0x000003       data     static mullong.asm
                    r0x04   0x000004       data     static meter_logger.asm
                    r0x04   0x000004       data     static mullong.asm
                    r0x05   0x000005       data     static mullong.asm
                    r0x05   0x000005       data     static meter_logger.asm
                    r0x06   0x000006       data     static meter_logger.asm
                    r0x06   0x000006       data     static mullong.asm
                    r0x07   0x000007       data     static mullong.asm
                    r0x07   0x000007       data     static meter_logger.asm
                    r0x08   0x000008       data     static meter_logger.asm
                    r0x09   0x000009       data     static meter_logger.asm
                    r0x0a   0x00000a       data     static meter_logger.asm
                    r0x0b   0x00000b       data     static meter_logger.asm
                    r0x0c   0x00000c       data     static meter_logger.asm
                    r0x0d   0x00000d       data     static meter_logger.asm
                    r0x0e   0x00000e       data     static meter_logger.asm
                    r0x0f   0x00000f       data     static meter_logger.asm
           wait_till_done   0x003034    program     static eeprom8_write.asm



                              Symbols - Sorted by Address
                     Name    Address   Location    Storage File
                ---------  ---------  ---------  --------- ---------
                    r0x00   0x000000       data     static libio18f2550_a-uputs.asm
                  __entry   0x000000    program     extern crt0.asm
                    r0x00   0x000000       data     static meter_logger.asm
                    r0x00   0x000000       data     static mullong.asm
                    r0x01   0x000001       data     static mullong.asm
                    r0x01   0x000001       data     static meter_logger.asm
                    r0x01   0x000001       data     static libio18f2550_a-uputs.asm
                    r0x02   0x000002       data     static libio18f2550_a-uputs.asm
                    r0x02   0x000002       data     static mullong.asm
                    r0x02   0x000002       data     static meter_logger.asm
                    r0x03   0x000003       data     static mullong.asm
                    r0x03   0x000003       data     static libio18f2550_a-uputs.asm
                    r0x03   0x000003       data     static meter_logger.asm
       ___eeprom_gptrput1   0x000004    program     extern gptr/eeprom8_gptrput1_dispatch.S
                    r0x04   0x000004       data     static mullong.asm
                    r0x04   0x000004       data     static meter_logger.asm
                    r0x05   0x000005       data     static meter_logger.asm
                    r0x05   0x000005       data     static mullong.asm
                    r0x06   0x000006       data     static meter_logger.asm
                    r0x06   0x000006       data     static mullong.asm
                    r0x07   0x000007       data     static mullong.asm
                    r0x07   0x000007       data     static meter_logger.asm
   ivec_0x1_isr_high_prio   0x000008    program     static meter_logger.asm
                    r0x08   0x000008       data     static meter_logger.asm
                    r0x09   0x000009       data     static meter_logger.asm
                    r0x0a   0x00000a       data     static meter_logger.asm
                    r0x0b   0x00000b       data     static meter_logger.asm
                    r0x0c   0x00000c       data     static meter_logger.asm
              _usart_busy   0x00000c    program     extern libio18f2550_a-ubusy.asm
                    r0x0d   0x00000d       data     static meter_logger.asm
                    r0x0e   0x00000e       data     static meter_logger.asm
                    r0x0f   0x00000f       data     static meter_logger.asm
       ___eeprom_gptrget1   0x000014    program     extern gptr/eeprom8_gptrget1_dispatch.S
    ivec_0x2_isr_low_prio   0x000018    program     static meter_logger.asm
           _send_fsk_high   0x00001c    program     extern meter_logger.asm
                  _buffer   0x000060       data     extern meter_logger.asm
               _fsk_proto   0x0000a0       data     extern meter_logger.asm
          _testo_ir_proto   0x0000b0       data     extern meter_logger.asm
          _rs232_ir_proto   0x0000b6       data     extern meter_logger.asm
              _timer_1_ms   0x0000bc       data     extern meter_logger.asm
          __mullong_x_1_2   0x0000c0       data     static mullong.asm
          __mullong_y_1_2   0x0000c4       data     static mullong.asm
          __mullong_t_1_2   0x0000c8       data     static mullong.asm
         __mullong_t1_1_2   0x0000cc       data     static mullong.asm
         __mullong_t2_1_2   0x0000d0       data     static mullong.asm
               _fifo_head   0x0000d4       data     extern meter_logger.asm
               _fifo_tail   0x0000d6       data     extern meter_logger.asm
                 _timer_0   0x0000d8       data     extern meter_logger.asm
           _timer0_reload   0x0000da       data     extern meter_logger.asm
            _last_timer_0   0x0000dc       data     extern meter_logger.asm
               _led_flash   0x0000de       data     extern meter_logger.asm
           _main_cmd_1_78   0x0000e0       data     static meter_logger.asm
       _main_sub_cmd_1_78   0x0000e1       data     static meter_logger.asm
              _codec_type   0x0000e2       data     extern meter_logger.asm
                       _c   0x0000e3       data     extern meter_logger.asm
            _USART_Status   0x0000e4       data     extern libio18f2550_a-usartd.asm
           _fifo_buffer_1   0x000100       data     extern meter_logger.asm
           _fifo_buffer_2   0x000200       data     extern meter_logger.asm
           _fifo_buffer_3   0x000300       data     extern meter_logger.asm
                   _stack   0x000400       data     extern stack/stack.S
               _stack_end   0x0004ff       data     extern stack/stack.S
           _fifo_buffer_0   0x000700       data     extern meter_logger.asm
            _send_fsk_low   0x000bdc    program     extern meter_logger.asm
                    _UFRM   0x000f66       data     extern libdev18f2550_a-pic18f2550.asm
               _UFRMLbits   0x000f66       data     extern libdev18f2550_a-pic18f2550.asm
                   _UFRML   0x000f66       data     extern libdev18f2550_a-pic18f2550.asm
                   _UFRMH   0x000f67       data     extern libdev18f2550_a-pic18f2550.asm
               _UFRMHbits   0x000f67       data     extern libdev18f2550_a-pic18f2550.asm
                     _UIR   0x000f68       data     extern libdev18f2550_a-pic18f2550.asm
                 _UIRbits   0x000f68       data     extern libdev18f2550_a-pic18f2550.asm
                 _UIEbits   0x000f69       data     extern libdev18f2550_a-pic18f2550.asm
                     _UIE   0x000f69       data     extern libdev18f2550_a-pic18f2550.asm
                _UEIRbits   0x000f6a       data     extern libdev18f2550_a-pic18f2550.asm
                    _UEIR   0x000f6a       data     extern libdev18f2550_a-pic18f2550.asm
                    _UEIE   0x000f6b       data     extern libdev18f2550_a-pic18f2550.asm
                _UEIEbits   0x000f6b       data     extern libdev18f2550_a-pic18f2550.asm
                   _USTAT   0x000f6c       data     extern libdev18f2550_a-pic18f2550.asm
               _USTATbits   0x000f6c       data     extern libdev18f2550_a-pic18f2550.asm
                _UCONbits   0x000f6d       data     extern libdev18f2550_a-pic18f2550.asm
                    _UCON   0x000f6d       data     extern libdev18f2550_a-pic18f2550.asm
               _UADDRbits   0x000f6e       data     extern libdev18f2550_a-pic18f2550.asm
                   _UADDR   0x000f6e       data     extern libdev18f2550_a-pic18f2550.asm
                _UCFGbits   0x000f6f       data     extern libdev18f2550_a-pic18f2550.asm
                    _UCFG   0x000f6f       data     extern libdev18f2550_a-pic18f2550.asm
                _UEP0bits   0x000f70       data     extern libdev18f2550_a-pic18f2550.asm
                    _UEP0   0x000f70       data     extern libdev18f2550_a-pic18f2550.asm
                _UEP1bits   0x000f71       data     extern libdev18f2550_a-pic18f2550.asm
                    _UEP1   0x000f71       data     extern libdev18f2550_a-pic18f2550.asm
                    _UEP2   0x000f72       data     extern libdev18f2550_a-pic18f2550.asm
                _UEP2bits   0x000f72       data     extern libdev18f2550_a-pic18f2550.asm
                _UEP3bits   0x000f73       data     extern libdev18f2550_a-pic18f2550.asm
                    _UEP3   0x000f73       data     extern libdev18f2550_a-pic18f2550.asm
                _UEP4bits   0x000f74       data     extern libdev18f2550_a-pic18f2550.asm
                    _UEP4   0x000f74       data     extern libdev18f2550_a-pic18f2550.asm
                _UEP5bits   0x000f75       data     extern libdev18f2550_a-pic18f2550.asm
                    _UEP5   0x000f75       data     extern libdev18f2550_a-pic18f2550.asm
                _UEP6bits   0x000f76       data     extern libdev18f2550_a-pic18f2550.asm
                    _UEP6   0x000f76       data     extern libdev18f2550_a-pic18f2550.asm
                    _UEP7   0x000f77       data     extern libdev18f2550_a-pic18f2550.asm
                _UEP7bits   0x000f77       data     extern libdev18f2550_a-pic18f2550.asm
                _UEP8bits   0x000f78       data     extern libdev18f2550_a-pic18f2550.asm
                    _UEP8   0x000f78       data     extern libdev18f2550_a-pic18f2550.asm
                    _UEP9   0x000f79       data     extern libdev18f2550_a-pic18f2550.asm
                _UEP9bits   0x000f79       data     extern libdev18f2550_a-pic18f2550.asm
               _UEP10bits   0x000f7a       data     extern libdev18f2550_a-pic18f2550.asm
                   _UEP10   0x000f7a       data     extern libdev18f2550_a-pic18f2550.asm
                   _UEP11   0x000f7b       data     extern libdev18f2550_a-pic18f2550.asm
               _UEP11bits   0x000f7b       data     extern libdev18f2550_a-pic18f2550.asm
               _UEP12bits   0x000f7c       data     extern libdev18f2550_a-pic18f2550.asm
                   _UEP12   0x000f7c       data     extern libdev18f2550_a-pic18f2550.asm
               _UEP13bits   0x000f7d       data     extern libdev18f2550_a-pic18f2550.asm
                   _UEP13   0x000f7d       data     extern libdev18f2550_a-pic18f2550.asm
               _UEP14bits   0x000f7e       data     extern libdev18f2550_a-pic18f2550.asm
                   _UEP14   0x000f7e       data     extern libdev18f2550_a-pic18f2550.asm
                   _UEP15   0x000f7f       data     extern libdev18f2550_a-pic18f2550.asm
               _UEP15bits   0x000f7f       data     extern libdev18f2550_a-pic18f2550.asm
               _PORTAbits   0x000f80       data     extern libdev18f2550_a-pic18f2550.asm
                   _PORTA   0x000f80       data     extern libdev18f2550_a-pic18f2550.asm
                   _PORTB   0x000f81       data     extern libdev18f2550_a-pic18f2550.asm
               _PORTBbits   0x000f81       data     extern libdev18f2550_a-pic18f2550.asm
                   _PORTC   0x000f82       data     extern libdev18f2550_a-pic18f2550.asm
               _PORTCbits   0x000f82       data     extern libdev18f2550_a-pic18f2550.asm
               _PORTEbits   0x000f84       data     extern libdev18f2550_a-pic18f2550.asm
                   _PORTE   0x000f84       data     extern libdev18f2550_a-pic18f2550.asm
                    _LATA   0x000f89       data     extern libdev18f2550_a-pic18f2550.asm
                _LATAbits   0x000f89       data     extern libdev18f2550_a-pic18f2550.asm
                    _LATB   0x000f8a       data     extern libdev18f2550_a-pic18f2550.asm
                _LATBbits   0x000f8a       data     extern libdev18f2550_a-pic18f2550.asm
                    _LATC   0x000f8b       data     extern libdev18f2550_a-pic18f2550.asm
                _LATCbits   0x000f8b       data     extern libdev18f2550_a-pic18f2550.asm
               _TRISAbits   0x000f92       data     extern libdev18f2550_a-pic18f2550.asm
                _DDRAbits   0x000f92       data     extern libdev18f2550_a-pic18f2550.asm
                    _DDRA   0x000f92       data     extern libdev18f2550_a-pic18f2550.asm
                   _TRISA   0x000f92       data     extern libdev18f2550_a-pic18f2550.asm
                _DDRBbits   0x000f93       data     extern libdev18f2550_a-pic18f2550.asm
                   _TRISB   0x000f93       data     extern libdev18f2550_a-pic18f2550.asm
               _TRISBbits   0x000f93       data     extern libdev18f2550_a-pic18f2550.asm
                    _DDRB   0x000f93       data     extern libdev18f2550_a-pic18f2550.asm
                _DDRCbits   0x000f94       data     extern libdev18f2550_a-pic18f2550.asm
               _TRISCbits   0x000f94       data     extern libdev18f2550_a-pic18f2550.asm
                   _TRISC   0x000f94       data     extern libdev18f2550_a-pic18f2550.asm
                    _DDRC   0x000f94       data     extern libdev18f2550_a-pic18f2550.asm
             _OSCTUNEbits   0x000f9b       data     extern libdev18f2550_a-pic18f2550.asm
                 _OSCTUNE   0x000f9b       data     extern libdev18f2550_a-pic18f2550.asm
                    _PIE1   0x000f9d       data     extern libdev18f2550_a-pic18f2550.asm
                _PIE1bits   0x000f9d       data     extern libdev18f2550_a-pic18f2550.asm
                _PIR1bits   0x000f9e       data     extern libdev18f2550_a-pic18f2550.asm
                    _PIR1   0x000f9e       data     extern libdev18f2550_a-pic18f2550.asm
                    _IPR1   0x000f9f       data     extern libdev18f2550_a-pic18f2550.asm
                _IPR1bits   0x000f9f       data     extern libdev18f2550_a-pic18f2550.asm
                _PIE2bits   0x000fa0       data     extern libdev18f2550_a-pic18f2550.asm
                    _PIE2   0x000fa0       data     extern libdev18f2550_a-pic18f2550.asm
                _PIR2bits   0x000fa1       data     extern libdev18f2550_a-pic18f2550.asm
                    _PIR2   0x000fa1       data     extern libdev18f2550_a-pic18f2550.asm
                    _IPR2   0x000fa2       data     extern libdev18f2550_a-pic18f2550.asm
                _IPR2bits   0x000fa2       data     extern libdev18f2550_a-pic18f2550.asm
                  _EECON1   0x000fa6       data     extern libdev18f2550_a-pic18f2550.asm
              _EECON1bits   0x000fa6       data     extern libdev18f2550_a-pic18f2550.asm
                  _EECON2   0x000fa7       data     extern libdev18f2550_a-pic18f2550.asm
                  _EEDATA   0x000fa8       data     extern libdev18f2550_a-pic18f2550.asm
                   _EEADR   0x000fa9       data     extern libdev18f2550_a-pic18f2550.asm
                   _RCSTA   0x000fab       data     extern libdev18f2550_a-pic18f2550.asm
               _RCSTAbits   0x000fab       data     extern libdev18f2550_a-pic18f2550.asm
               _TXSTAbits   0x000fac       data     extern libdev18f2550_a-pic18f2550.asm
                   _TXSTA   0x000fac       data     extern libdev18f2550_a-pic18f2550.asm
                   _TXREG   0x000fad       data     extern libdev18f2550_a-pic18f2550.asm
                   _RCREG   0x000fae       data     extern libdev18f2550_a-pic18f2550.asm
                   _SPBRG   0x000faf       data     extern libdev18f2550_a-pic18f2550.asm
                  _SPBRGH   0x000fb0       data     extern libdev18f2550_a-pic18f2550.asm
                   _T3CON   0x000fb1       data     extern libdev18f2550_a-pic18f2550.asm
               _T3CONbits   0x000fb1       data     extern libdev18f2550_a-pic18f2550.asm
                   _TMR3L   0x000fb2       data     extern libdev18f2550_a-pic18f2550.asm
                    _TMR3   0x000fb2       data     extern libdev18f2550_a-pic18f2550.asm
                   _TMR3H   0x000fb3       data     extern libdev18f2550_a-pic18f2550.asm
               _CMCONbits   0x000fb4       data     extern libdev18f2550_a-pic18f2550.asm
                   _CMCON   0x000fb4       data     extern libdev18f2550_a-pic18f2550.asm
              _CVRCONbits   0x000fb5       data     extern libdev18f2550_a-pic18f2550.asm
                  _CVRCON   0x000fb5       data     extern libdev18f2550_a-pic18f2550.asm
                 _ECCP1AS   0x000fb6       data     extern libdev18f2550_a-pic18f2550.asm
                  _CCP1AS   0x000fb6       data     extern libdev18f2550_a-pic18f2550.asm
              _CCP1ASbits   0x000fb6       data     extern libdev18f2550_a-pic18f2550.asm
             _ECCP1ASbits   0x000fb6       data     extern libdev18f2550_a-pic18f2550.asm
                 _CCP1DEL   0x000fb7       data     extern libdev18f2550_a-pic18f2550.asm
             _CCP1DELbits   0x000fb7       data     extern libdev18f2550_a-pic18f2550.asm
                _ECCP1DEL   0x000fb7       data     extern libdev18f2550_a-pic18f2550.asm
            _ECCP1DELbits   0x000fb7       data     extern libdev18f2550_a-pic18f2550.asm
             _BAUDCONbits   0x000fb8       data     extern libdev18f2550_a-pic18f2550.asm
                 _BAUDCTL   0x000fb8       data     extern libdev18f2550_a-pic18f2550.asm
             _BAUDCTLbits   0x000fb8       data     extern libdev18f2550_a-pic18f2550.asm
                 _BAUDCON   0x000fb8       data     extern libdev18f2550_a-pic18f2550.asm
             _CCP2CONbits   0x000fba       data     extern libdev18f2550_a-pic18f2550.asm
                 _CCP2CON   0x000fba       data     extern libdev18f2550_a-pic18f2550.asm
                  _CCPR2L   0x000fbb       data     extern libdev18f2550_a-pic18f2550.asm
                   _CCPR2   0x000fbb       data     extern libdev18f2550_a-pic18f2550.asm
                  _CCPR2H   0x000fbc       data     extern libdev18f2550_a-pic18f2550.asm
             _CCP1CONbits   0x000fbd       data     extern libdev18f2550_a-pic18f2550.asm
                 _CCP1CON   0x000fbd       data     extern libdev18f2550_a-pic18f2550.asm
                   _CCPR1   0x000fbe       data     extern libdev18f2550_a-pic18f2550.asm
                  _CCPR1L   0x000fbe       data     extern libdev18f2550_a-pic18f2550.asm
                  _CCPR1H   0x000fbf       data     extern libdev18f2550_a-pic18f2550.asm
                  _ADCON2   0x000fc0       data     extern libdev18f2550_a-pic18f2550.asm
              _ADCON2bits   0x000fc0       data     extern libdev18f2550_a-pic18f2550.asm
                  _ADCON1   0x000fc1       data     extern libdev18f2550_a-pic18f2550.asm
              _ADCON1bits   0x000fc1       data     extern libdev18f2550_a-pic18f2550.asm
              _ADCON0bits   0x000fc2       data     extern libdev18f2550_a-pic18f2550.asm
                  _ADCON0   0x000fc2       data     extern libdev18f2550_a-pic18f2550.asm
                   _ADRES   0x000fc3       data     extern libdev18f2550_a-pic18f2550.asm
                  _ADRESL   0x000fc3       data     extern libdev18f2550_a-pic18f2550.asm
                  _ADRESH   0x000fc4       data     extern libdev18f2550_a-pic18f2550.asm
                 _SSPCON2   0x000fc5       data     extern libdev18f2550_a-pic18f2550.asm
             _SSPCON2bits   0x000fc5       data     extern libdev18f2550_a-pic18f2550.asm
             _SSPCON1bits   0x000fc6       data     extern libdev18f2550_a-pic18f2550.asm
                 _SSPCON1   0x000fc6       data     extern libdev18f2550_a-pic18f2550.asm
             _SSPSTATbits   0x000fc7       data     extern libdev18f2550_a-pic18f2550.asm
                 _SSPSTAT   0x000fc7       data     extern libdev18f2550_a-pic18f2550.asm
                  _SSPADD   0x000fc8       data     extern libdev18f2550_a-pic18f2550.asm
                  _SSPBUF   0x000fc9       data     extern libdev18f2550_a-pic18f2550.asm
               _T2CONbits   0x000fca       data     extern libdev18f2550_a-pic18f2550.asm
                   _T2CON   0x000fca       data     extern libdev18f2550_a-pic18f2550.asm
                     _PR2   0x000fcb       data     extern libdev18f2550_a-pic18f2550.asm
                    _TMR2   0x000fcc       data     extern libdev18f2550_a-pic18f2550.asm
               _T1CONbits   0x000fcd       data     extern libdev18f2550_a-pic18f2550.asm
                   _T1CON   0x000fcd       data     extern libdev18f2550_a-pic18f2550.asm
                    _TMR1   0x000fce       data     extern libdev18f2550_a-pic18f2550.asm
                   _TMR1L   0x000fce       data     extern libdev18f2550_a-pic18f2550.asm
                   _TMR1H   0x000fcf       data     extern libdev18f2550_a-pic18f2550.asm
                _RCONbits   0x000fd0       data     extern libdev18f2550_a-pic18f2550.asm
                    _RCON   0x000fd0       data     extern libdev18f2550_a-pic18f2550.asm
              _WDTCONbits   0x000fd1       data     extern libdev18f2550_a-pic18f2550.asm
                  _WDTCON   0x000fd1       data     extern libdev18f2550_a-pic18f2550.asm
                 _HLVDCON   0x000fd2       data     extern libdev18f2550_a-pic18f2550.asm
             _HLVDCONbits   0x000fd2       data     extern libdev18f2550_a-pic18f2550.asm
                  _LVDCON   0x000fd2       data     extern libdev18f2550_a-pic18f2550.asm
              _LVDCONbits   0x000fd2       data     extern libdev18f2550_a-pic18f2550.asm
                  _OSCCON   0x000fd3       data     extern libdev18f2550_a-pic18f2550.asm
              _OSCCONbits   0x000fd3       data     extern libdev18f2550_a-pic18f2550.asm
                   _T0CON   0x000fd5       data     extern libdev18f2550_a-pic18f2550.asm
               _T0CONbits   0x000fd5       data     extern libdev18f2550_a-pic18f2550.asm
                    _TMR0   0x000fd6       data     extern libdev18f2550_a-pic18f2550.asm
                   _TMR0L   0x000fd6       data     extern libdev18f2550_a-pic18f2550.asm
                   _TMR0H   0x000fd7       data     extern libdev18f2550_a-pic18f2550.asm
                  _STATUS   0x000fd8       data     extern libdev18f2550_a-pic18f2550.asm
              _STATUSbits   0x000fd8       data     extern libdev18f2550_a-pic18f2550.asm
                   _FSR2L   0x000fd9       data     extern libdev18f2550_a-pic18f2550.asm
                   _FSR2H   0x000fda       data     extern libdev18f2550_a-pic18f2550.asm
                  _PLUSW2   0x000fdb       data     extern libdev18f2550_a-pic18f2550.asm
                 _PREINC2   0x000fdc       data     extern libdev18f2550_a-pic18f2550.asm
                _POSTDEC2   0x000fdd       data     extern libdev18f2550_a-pic18f2550.asm
                _POSTINC2   0x000fde       data     extern libdev18f2550_a-pic18f2550.asm
                   _INDF2   0x000fdf       data     extern libdev18f2550_a-pic18f2550.asm
                     _BSR   0x000fe0       data     extern libdev18f2550_a-pic18f2550.asm
                   _FSR1L   0x000fe1       data     extern libdev18f2550_a-pic18f2550.asm
                   _FSR1H   0x000fe2       data     extern libdev18f2550_a-pic18f2550.asm
                  _PLUSW1   0x000fe3       data     extern libdev18f2550_a-pic18f2550.asm
                 _PREINC1   0x000fe4       data     extern libdev18f2550_a-pic18f2550.asm
                _POSTDEC1   0x000fe5       data     extern libdev18f2550_a-pic18f2550.asm
                _POSTINC1   0x000fe6       data     extern libdev18f2550_a-pic18f2550.asm
                   _INDF1   0x000fe7       data     extern libdev18f2550_a-pic18f2550.asm
                    _WREG   0x000fe8       data     extern libdev18f2550_a-pic18f2550.asm
                   _FSR0L   0x000fe9       data     extern libdev18f2550_a-pic18f2550.asm
                   _FSR0H   0x000fea       data     extern libdev18f2550_a-pic18f2550.asm
                  _PLUSW0   0x000feb       data     extern libdev18f2550_a-pic18f2550.asm
                 _PREINC0   0x000fec       data     extern libdev18f2550_a-pic18f2550.asm
                _POSTDEC0   0x000fed       data     extern libdev18f2550_a-pic18f2550.asm
                _POSTINC0   0x000fee       data     extern libdev18f2550_a-pic18f2550.asm
                   _INDF0   0x000fef       data     extern libdev18f2550_a-pic18f2550.asm
                 _INTCON3   0x000ff0       data     extern libdev18f2550_a-pic18f2550.asm
             _INTCON3bits   0x000ff0       data     extern libdev18f2550_a-pic18f2550.asm
                 _INTCON2   0x000ff1       data     extern libdev18f2550_a-pic18f2550.asm
             _INTCON2bits   0x000ff1       data     extern libdev18f2550_a-pic18f2550.asm
                  _INTCON   0x000ff2       data     extern libdev18f2550_a-pic18f2550.asm
              _INTCONbits   0x000ff2       data     extern libdev18f2550_a-pic18f2550.asm
                    _PROD   0x000ff3       data     extern libdev18f2550_a-pic18f2550.asm
                   _PRODL   0x000ff3       data     extern libdev18f2550_a-pic18f2550.asm
                   _PRODH   0x000ff4       data     extern libdev18f2550_a-pic18f2550.asm
                  _TABLAT   0x000ff5       data     extern libdev18f2550_a-pic18f2550.asm
                 _TBLPTRL   0x000ff6       data     extern libdev18f2550_a-pic18f2550.asm
                  _TBLPTR   0x000ff6       data     extern libdev18f2550_a-pic18f2550.asm
                 _TBLPTRH   0x000ff7       data     extern libdev18f2550_a-pic18f2550.asm
                 _TBLPTRU   0x000ff8       data     extern libdev18f2550_a-pic18f2550.asm
                      _PC   0x000ff9       data     extern libdev18f2550_a-pic18f2550.asm
                     _PCL   0x000ff9       data     extern libdev18f2550_a-pic18f2550.asm
                  _PCLATH   0x000ffa       data     extern libdev18f2550_a-pic18f2550.asm
                  _PCLATU   0x000ffb       data     extern libdev18f2550_a-pic18f2550.asm
              _STKPTRbits   0x000ffc       data     extern libdev18f2550_a-pic18f2550.asm
                  _STKPTR   0x000ffc       data     extern libdev18f2550_a-pic18f2550.asm
                     _TOS   0x000ffd       data     extern libdev18f2550_a-pic18f2550.asm
                    _TOSL   0x000ffd       data     extern libdev18f2550_a-pic18f2550.asm
                    _TOSH   0x000ffe       data     extern libdev18f2550_a-pic18f2550.asm
                    _TOSU   0x000fff       data     extern libdev18f2550_a-pic18f2550.asm
           _isr_high_prio   0x001722    program     static meter_logger.asm
               _00428_DS_   0x0017a6    program     static meter_logger.asm
               _00434_DS_   0x0017ca    program     static meter_logger.asm
               _00174_DS_   0x0017cc    program     static meter_logger.asm
               _00175_DS_   0x0017da    program     static meter_logger.asm
               _00435_DS_   0x0017f4    program     static meter_logger.asm
               _00436_DS_   0x001810    program     static meter_logger.asm
               _00177_DS_   0x001826    program     static meter_logger.asm
               _00180_DS_   0x001834    program     static meter_logger.asm
               _00183_DS_   0x001840    program     static meter_logger.asm
               _00439_DS_   0x001864    program     static meter_logger.asm
               _00440_DS_   0x001880    program     static meter_logger.asm
               _00199_DS_   0x001882    program     static meter_logger.asm
               _00441_DS_   0x00189c    program     static meter_logger.asm
               _00442_DS_   0x0018b8    program     static meter_logger.asm
               _00194_DS_   0x0018ba    program     static meter_logger.asm
               _00185_DS_   0x0018d4    program     static meter_logger.asm
               _00186_DS_   0x0018fa    program     static meter_logger.asm
               _00195_DS_   0x001908    program     static meter_logger.asm
               _00445_DS_   0x001922    program     static meter_logger.asm
               _00446_DS_   0x00193e    program     static meter_logger.asm
               _00188_DS_   0x00196c    program     static meter_logger.asm
               _00189_DS_   0x001980    program     static meter_logger.asm
               _00191_DS_   0x00198e    program     static meter_logger.asm
               _00196_DS_   0x001998    program     static meter_logger.asm
               _00450_DS_   0x0019a0    program     static meter_logger.asm
               _00201_DS_   0x0019cc    program     static meter_logger.asm
               _00208_DS_   0x0019d0    program     static meter_logger.asm
               _00210_DS_   0x0019d2    program     static meter_logger.asm
               _00453_DS_   0x0019f2    program     static meter_logger.asm
               _00455_DS_   0x0019fa    program     static meter_logger.asm
               _00457_DS_   0x001a04    program     static meter_logger.asm
               _00459_DS_   0x001a0e    program     static meter_logger.asm
               _00212_DS_   0x001a10    program     static meter_logger.asm
               _00213_DS_   0x001a1a    program     static meter_logger.asm
               _00465_DS_   0x001a34    program     static meter_logger.asm
               _00214_DS_   0x001a36    program     static meter_logger.asm
               _00217_DS_   0x001a74    program     static meter_logger.asm
               _00219_DS_   0x001aa8    program     static meter_logger.asm
               _00221_DS_   0x001ab2    program     static meter_logger.asm
               _00223_DS_   0x001aba    program     static meter_logger.asm
               _00224_DS_   0x001acc    program     static meter_logger.asm
               _00473_DS_   0x001ae8    program     static meter_logger.asm
               _00474_DS_   0x001af6    program     static meter_logger.asm
               _00226_DS_   0x001b06    program     static meter_logger.asm
               _00230_DS_   0x001b1e    program     static meter_logger.asm
               _00232_DS_   0x001b26    program     static meter_logger.asm
               _00234_DS_   0x001b3e    program     static meter_logger.asm
               _00483_DS_   0x001b5e    program     static meter_logger.asm
               _00485_DS_   0x001b66    program     static meter_logger.asm
               _00235_DS_   0x001b68    program     static meter_logger.asm
               _00237_DS_   0x001b7a    program     static meter_logger.asm
               _00238_DS_   0x001b7e    program     static meter_logger.asm
               _00239_DS_   0x001b8c    program     static meter_logger.asm
               _00489_DS_   0x001baa    program     static meter_logger.asm
               _00488_DS_   0x001bb0    program     static meter_logger.asm
               _00241_DS_   0x001bc2    program     static meter_logger.asm
               _00244_DS_   0x001bc8    program     static meter_logger.asm
               _00247_DS_   0x001bd4    program     static meter_logger.asm
               _00248_DS_   0x001be2    program     static meter_logger.asm
               _00250_DS_   0x001bec    program     static meter_logger.asm
               _00252_DS_   0x001bee    program     static meter_logger.asm
               _00491_DS_   0x001c4c    program     static meter_logger.asm
               _00492_DS_   0x001c5a    program     static meter_logger.asm
               _00495_DS_   0x001c84    program     static meter_logger.asm
               _00262_DS_   0x001cae    program     static meter_logger.asm
               _00497_DS_   0x001cb6    program     static meter_logger.asm
               _00259_DS_   0x001cc2    program     static meter_logger.asm
               _00266_DS_   0x001cda    program     static meter_logger.asm
               _00267_DS_   0x001cdc    program     static meter_logger.asm
               _00271_DS_   0x001cde    program     static meter_logger.asm
                  __str_0   0x001d1e    program     static meter_logger.asm
                  __str_1   0x001d34    program     static meter_logger.asm
                  __str_2   0x001d5e    program     static meter_logger.asm
                  __str_3   0x001d78    program     static meter_logger.asm
                  __str_4   0x001d94    program     static meter_logger.asm
                    _main   0x001dae    program     extern meter_logger.asm
               _00123_DS_   0x001dda    program     static meter_logger.asm
               _00164_DS_   0x001e06    program     static meter_logger.asm
               _00166_DS_   0x001e10    program     static meter_logger.asm
               _00105_DS_   0x001e12    program     static meter_logger.asm
               _00106_DS_   0x001e60    program     static meter_logger.asm
               _00167_DS_   0x001e6a    program     static meter_logger.asm
               _00108_DS_   0x001e98    program     static meter_logger.asm
               _00109_DS_   0x001ec0    program     static meter_logger.asm
               _00111_DS_   0x001f0c    program     static meter_logger.asm
               _00112_DS_   0x001f36    program     static meter_logger.asm
               _00113_DS_   0x001f84    program     static meter_logger.asm
               _00168_DS_   0x001f8e    program     static meter_logger.asm
               _00115_DS_   0x001fbc    program     static meter_logger.asm
               _00116_DS_   0x001fc4    program     static meter_logger.asm
               _00118_DS_   0x002010    program     static meter_logger.asm
                __mullong   0x00203c    program     extern mullong.asm
          _valid_err_corr   0x002250    program     extern meter_logger.asm
               _00577_DS_   0x002294    program     static meter_logger.asm
               _00620_DS_   0x0022a4    program     static meter_logger.asm
               _00619_DS_   0x0022ac    program     static meter_logger.asm
               _00622_DS_   0x0022c2    program     static meter_logger.asm
               _00623_DS_   0x0022c4    program     static meter_logger.asm
               _00579_DS_   0x0022f4    program     static meter_logger.asm
               _00628_DS_   0x002304    program     static meter_logger.asm
               _00627_DS_   0x00230c    program     static meter_logger.asm
               _00630_DS_   0x002322    program     static meter_logger.asm
               _00631_DS_   0x002324    program     static meter_logger.asm
               _00581_DS_   0x002356    program     static meter_logger.asm
               _00637_DS_   0x002366    program     static meter_logger.asm
               _00636_DS_   0x00236e    program     static meter_logger.asm
               _00639_DS_   0x002384    program     static meter_logger.asm
               _00640_DS_   0x002386    program     static meter_logger.asm
               _00583_DS_   0x0023b8    program     static meter_logger.asm
               _00646_DS_   0x0023c8    program     static meter_logger.asm
               _00645_DS_   0x0023d0    program     static meter_logger.asm
               _00648_DS_   0x0023e6    program     static meter_logger.asm
               _00649_DS_   0x0023e8    program     static meter_logger.asm
               _00653_DS_   0x00241e    program     static meter_logger.asm
               _00654_DS_   0x002420    program     static meter_logger.asm
               _00575_DS_   0x002424    program     static meter_logger.asm
               _00585_DS_   0x002426    program     static meter_logger.asm
              _fifo_snoop   0x002450    program     extern meter_logger.asm
               _00803_DS_   0x0024a6    program     static meter_logger.asm
               _00804_DS_   0x0024bc    program     static meter_logger.asm
               _00805_DS_   0x0024de    program     static meter_logger.asm
               _00787_DS_   0x0024ee    program     static meter_logger.asm
               _00788_DS_   0x002526    program     static meter_logger.asm
               _00789_DS_   0x00255e    program     static meter_logger.asm
               _00790_DS_   0x002596    program     static meter_logger.asm
               _00791_DS_   0x0025c8    program     static meter_logger.asm
               _00793_DS_   0x0025cc    program     static meter_logger.asm
               _00795_DS_   0x0025ce    program     static meter_logger.asm
                _fifo_get   0x0025f0    program     extern meter_logger.asm
               _00775_DS_   0x002642    program     static meter_logger.asm
               _00776_DS_   0x002664    program     static meter_logger.asm
               _00754_DS_   0x002674    program     static meter_logger.asm
               _00755_DS_   0x0026a4    program     static meter_logger.asm
               _00756_DS_   0x0026d4    program     static meter_logger.asm
               _00757_DS_   0x002704    program     static meter_logger.asm
               _00758_DS_   0x002732    program     static meter_logger.asm
               _10820_DS_   0x00273a    program     static meter_logger.asm
               _00781_DS_   0x002746    program     static meter_logger.asm
               _00782_DS_   0x002748    program     static meter_logger.asm
               _00760_DS_   0x00274e    program     static meter_logger.asm
               _00762_DS_   0x002752    program     static meter_logger.asm
               _00764_DS_   0x002754    program     static meter_logger.asm
                _sleep_ms   0x00276e    program     extern meter_logger.asm
               _00537_DS_   0x0027de    program     static meter_logger.asm
               _00542_DS_   0x002848    program     static meter_logger.asm
               _00543_DS_   0x002858    program     static meter_logger.asm
               _00550_DS_   0x00286e    program     static meter_logger.asm
                _fifo_put   0x0028b8    program     extern meter_logger.asm
               _00741_DS_   0x0028e8    program     static meter_logger.asm
               _00742_DS_   0x0028fa    program     static meter_logger.asm
               _00743_DS_   0x00291c    program     static meter_logger.asm
               _00719_DS_   0x00292c    program     static meter_logger.asm
               _00720_DS_   0x00294a    program     static meter_logger.asm
               _00721_DS_   0x002968    program     static meter_logger.asm
               _00722_DS_   0x002986    program     static meter_logger.asm
               _00723_DS_   0x0029a2    program     static meter_logger.asm
               _20821_DS_   0x0029aa    program     static meter_logger.asm
               _00748_DS_   0x0029b6    program     static meter_logger.asm
               _00749_DS_   0x0029b8    program     static meter_logger.asm
               _00725_DS_   0x0029be    program     static meter_logger.asm
               _00727_DS_   0x0029c2    program     static meter_logger.asm
               _00729_DS_   0x0029c4    program     static meter_logger.asm
            _isr_low_prio   0x0029d6    program     static meter_logger.asm
               _00502_DS_   0x002a28    program     static meter_logger.asm
               _00503_DS_   0x002a32    program     static meter_logger.asm
               _00506_DS_   0x002a4a    program     static meter_logger.asm
               _00532_DS_   0x002a5a    program     static meter_logger.asm
               _30822_DS_   0x002a5a    program     static meter_logger.asm
               _00508_DS_   0x002a5c    program     static meter_logger.asm
               _00511_DS_   0x002a72    program     static meter_logger.asm
                 __debug2   0x002aa2    program     extern meter_logger.asm
                  __debug   0x002b68    program     extern meter_logger.asm
                 _reverse   0x002c2e    program     extern meter_logger.asm
              _usart_puts   0x002cba    program     extern libio18f2550_a-uputs.asm
               _00105_DS_   0x002ce4    program     static libio18f2550_a-uputs.asm
               _00120_DS_   0x002d18    program     static libio18f2550_a-uputs.asm
           _fsk_rx_enable   0x002d32    program     extern meter_logger.asm
             _init_system   0x002d8e    program     extern meter_logger.asm
         _rs232_tx_enable   0x002dde    program     extern meter_logger.asm
         _testo_ir_enable   0x002e1a    program     extern meter_logger.asm
             _fifo_in_use   0x002e56    program     extern meter_logger.asm
           _fsk_tx_enable   0x002e8e    program     extern meter_logger.asm
           _my_usart_open   0x002ec2    program     extern meter_logger.asm
              _usart_getc   0x002eec    program     extern libio18f2550_a-ugetc.asm
               _10105_DS_   0x002f00    program     static libio18f2550_a-ugetc.asm
               _00108_DS_   0x002f00    program     static libio18f2550_a-ugetc.asm
               _00110_DS_   0x002f08    program     static libio18f2550_a-ugetc.asm
               _00112_DS_   0x002f10    program     static libio18f2550_a-ugetc.asm
             _fsk_tx_byte   0x002f14    program     extern meter_logger.asm
               _flash_led   0x002f3a    program     extern meter_logger.asm
               __gptrget1   0x002f5e    program     extern gptrget1.asm
                 _lab_01_   0x002f6a    program     static gptrget1.asm
      ___eeprom8_gptrput1   0x002f80    program     extern eeprom8_gptrput1.asm
      ___eeprom8_gptrget1   0x002fa0    program     extern eeprom8_gptrget1.asm
               __gptrput1   0x002fb8    program     extern gptrput1.asm
                 _lab_01_   0x002fc6    program     static gptrput1.asm
          _fsk_rx_disable   0x002fce    program     extern meter_logger.asm
        _testo_ir_disable   0x002fe2    program     extern meter_logger.asm
                __startup   0x002ff6    program     extern crt0.asm
                   lockup   0x003008    program     static crt0.asm
          _fsk_tx_disable   0x00300a    program     extern meter_logger.asm
              _usart_putc   0x00301a    program     extern libio18f2550_a-uputc.asm
                     _01_   0x003026    program     static libio18f2550_a-uputc.asm
         ___eeprom8_write   0x00302a    program     extern eeprom8_write.asm
           wait_till_done   0x003034    program     static eeprom8_write.asm
        _rs232_tx_disable   0x00303a    program     extern meter_logger.asm
              _usart_drdy   0x003048    program     extern libio18f2550_a-udrdy.asm


