gplink-1.2.0 #980 (Oct 25 2013)
Map File - Created 3-28-2014  13:51:48

                                 Section Info
                  Section       Type    Address   Location Size(Bytes)
                ---------  ---------  ---------  ---------  ---------
.config_300001_TESTO_PRINTER_EMULATOR.O    romdata   0x300001    program   0x000001
.config_300002_TESTO_PRINTER_EMULATOR.O    romdata   0x300002    program   0x000001
.config_300003_TESTO_PRINTER_EMULATOR.O    romdata   0x300003    program   0x000001
.config_300005_TESTO_PRINTER_EMULATOR.O    romdata   0x300005    program   0x000001
.config_300006_TESTO_PRINTER_EMULATOR.O    romdata   0x300006    program   0x000001
.config_300008_TESTO_PRINTER_EMULATOR.O    romdata   0x300008    program   0x000001
.config_300009_TESTO_PRINTER_EMULATOR.O    romdata   0x300009    program   0x000001
.config_30000A_TESTO_PRINTER_EMULATOR.O    romdata   0x30000a    program   0x000001
.config_30000B_TESTO_PRINTER_EMULATOR.O    romdata   0x30000b    program   0x000001
.config_30000C_TESTO_PRINTER_EMULATOR.O    romdata   0x30000c    program   0x000001
.config_30000D_TESTO_PRINTER_EMULATOR.O    romdata   0x30000d    program   0x000001
           S_crt0___entry       code   0x000000    program   0x000004
 S___eeprom_gptrget1_stub       code   0x000004    program   0x000004
S_testo_printer_emulator_ivec_0x1_isr_high_prio       code   0x000008    program   0x000004
      S_ubusy__usart_busy       code   0x00000c    program   0x000008
S_testo_printer_emulator_ivec_0x2_isr_low_prio       code   0x000018    program   0x000004
      S_mullong___mullong       code   0x00001c    program   0x000214
S_testo_printer_emulator__sleep_tick       code   0x000230    program   0x000150
S_testo_printer_emulator__sleep_ms       code   0x000380    program   0x000150
S_testo_printer_emulator__isr_high_prio       code   0x0004d0    program   0x0000d2
S_testo_printer_emulator__isr_low_prio       code   0x0005a2    program   0x000094
      S_uputs__usart_puts       code   0x000636    program   0x000078
S_testo_printer_emulator__main       code   0x0006ae    program   0x00006e
S_testo_printer_emulator__init_system       code   0x00071c    program   0x00003e
S_testo_printer_emulator__my_usart_open       code   0x00075a    program   0x00002a
      S_ugetc__usart_getc       code   0x000784    program   0x000028
    S_gptrget1___gptrget1       code   0x0007ac    program   0x000022
S_eeprom16_gptrget1____eeprom16_gptrget1       code   0x0007ce    program   0x00001c
         S_crt0___startup       code   0x0007ea    program   0x000014
      S_uputc__usart_putc       code   0x0007fe    program   0x000010
S_testo_printer_emulator___debug       code   0x00080e    program   0x00000e
      S_udrdy__usart_drdy       code   0x00081c    program   0x000008
               .registers      udata   0x000000       data   0x000010
udata_testo_printer_emulator_3      udata   0x000080       data   0x000064
udata_testo_printer_emulator_4      udata   0x0000e4       data   0x000004
udata_testo_printer_emulator_5      udata   0x0000e8       data   0x000004
          udata_mullong_0      udata   0x0000ec       data   0x000004
          udata_mullong_1      udata   0x0000f0       data   0x000004
          udata_mullong_2      udata   0x0000f4       data   0x000004
          udata_mullong_3      udata   0x0000f8       data   0x000004
          udata_mullong_4      udata   0x0000fc       data   0x000004
            stack_section      udata   0x000700       data   0x000100
udata_testo_printer_emulator_1      udata   0x000f00       data   0x000002
udata_testo_printer_emulator_2      udata   0x000f02       data   0x000002
udata_testo_printer_emulator_0      udata   0x000f04       data   0x000001
           udata_usartd_0      udata   0x000f05       data   0x000001
      ustat_pic18f4620_00      udata   0x000f80       data   0x000005
      ustat_pic18f4620_01      udata   0x000f89       data   0x000005
      ustat_pic18f4620_02      udata   0x000f92       data   0x000005
      ustat_pic18f4620_03      udata   0x000f9b       data   0x000001
      ustat_pic18f4620_04      udata   0x000f9d       data   0x000006
      ustat_pic18f4620_05      udata   0x000fa6       data   0x000013
      ustat_pic18f4620_06      udata   0x000fba       data   0x00001a
      ustat_pic18f4620_07      udata   0x000fd5       data   0x00002b



                              Program Memory Usage
                               Start         End
                           ---------   ---------
                            0x000008    0x00000b
                            0x000018    0x00001b
                            0x0006ae    0x00071b
                            0x00080e    0x00081b
                            0x00075a    0x000783
                            0x00071c    0x000759
                            0x000230    0x00037f
                            0x000380    0x0004cf
                            0x0005a2    0x000635
                            0x0004d0    0x0005a1
                            0x300001    0x300001
                            0x300002    0x300002
                            0x300003    0x300003
                            0x300005    0x300005
                            0x300006    0x300006
                            0x300008    0x300008
                            0x300009    0x300009
                            0x30000a    0x30000a
                            0x30000b    0x30000b
                            0x30000c    0x30000c
                            0x30000d    0x30000d
                            0x000000    0x000003
                            0x0007ea    0x0007fd
                            0x00001c    0x00022f
                            0x0007fe    0x00080d
                            0x000636    0x0006ad
                            0x00000c    0x000013
                            0x000784    0x0007ab
                            0x00081c    0x000823
                            0x0007ac    0x0007cd
                            0x000004    0x000007
                            0x0007ce    0x0007e9
                            2091 program addresses used



                              Symbols - Sorted by Name
                     Name    Address   Location    Storage File
                ---------  ---------  ---------  --------- ---------
               _00105_DS_   0x000660    program     static libio18f4620_a-uputs.asm
               _00106_DS_   0x000718    program     static testo_printer_emulator.asm
               _00108_DS_   0x000798    program     static libio18f4620_a-ugetc.asm
               _00110_DS_   0x0007a0    program     static libio18f4620_a-ugetc.asm
               _00112_DS_   0x0007a8    program     static libio18f4620_a-ugetc.asm
               _00114_DS_   0x000544    program     static testo_printer_emulator.asm
               _00117_DS_   0x000552    program     static testo_printer_emulator.asm
               _00120_DS_   0x000694    program     static libio18f4620_a-uputs.asm
               _00123_DS_   0x0005f4    program     static testo_printer_emulator.asm
               _00126_DS_   0x00060a    program     static testo_printer_emulator.asm
               _00134_DS_   0x0005f4    program     static testo_printer_emulator.asm
               _00139_DS_   0x0003f0    program     static testo_printer_emulator.asm
               _00144_DS_   0x000460    program     static testo_printer_emulator.asm
               _00145_DS_   0x000470    program     static testo_printer_emulator.asm
               _00152_DS_   0x000486    program     static testo_printer_emulator.asm
               _00157_DS_   0x0002a0    program     static testo_printer_emulator.asm
               _00162_DS_   0x000310    program     static testo_printer_emulator.asm
               _00163_DS_   0x000320    program     static testo_printer_emulator.asm
               _00170_DS_   0x000336    program     static testo_printer_emulator.asm
                     _01_   0x00080a    program     static libio18f4620_a-uputc.asm
               _10105_DS_   0x000798    program     static libio18f4620_a-ugetc.asm
               _10185_DS_   0x0005f4    program     static testo_printer_emulator.asm
                  _ADCON0   0x000fc2       data     extern libdev18f4620_a-pic18f4620.asm
              _ADCON0bits   0x000fc2       data     extern libdev18f4620_a-pic18f4620.asm
                  _ADCON1   0x000fc1       data     extern libdev18f4620_a-pic18f4620.asm
              _ADCON1bits   0x000fc1       data     extern libdev18f4620_a-pic18f4620.asm
                  _ADCON2   0x000fc0       data     extern libdev18f4620_a-pic18f4620.asm
              _ADCON2bits   0x000fc0       data     extern libdev18f4620_a-pic18f4620.asm
                   _ADRES   0x000fc3       data     extern libdev18f4620_a-pic18f4620.asm
                  _ADRESH   0x000fc4       data     extern libdev18f4620_a-pic18f4620.asm
                  _ADRESL   0x000fc3       data     extern libdev18f4620_a-pic18f4620.asm
                 _BAUDCON   0x000fb8       data     extern libdev18f4620_a-pic18f4620.asm
             _BAUDCONbits   0x000fb8       data     extern libdev18f4620_a-pic18f4620.asm
                 _BAUDCTL   0x000fb8       data     extern libdev18f4620_a-pic18f4620.asm
             _BAUDCTLbits   0x000fb8       data     extern libdev18f4620_a-pic18f4620.asm
                     _BSR   0x000fe0       data     extern libdev18f4620_a-pic18f4620.asm
                 _CCP1CON   0x000fbd       data     extern libdev18f4620_a-pic18f4620.asm
             _CCP1CONbits   0x000fbd       data     extern libdev18f4620_a-pic18f4620.asm
                 _CCP2CON   0x000fba       data     extern libdev18f4620_a-pic18f4620.asm
             _CCP2CONbits   0x000fba       data     extern libdev18f4620_a-pic18f4620.asm
                   _CCPR1   0x000fbe       data     extern libdev18f4620_a-pic18f4620.asm
                  _CCPR1H   0x000fbf       data     extern libdev18f4620_a-pic18f4620.asm
                  _CCPR1L   0x000fbe       data     extern libdev18f4620_a-pic18f4620.asm
                   _CCPR2   0x000fbb       data     extern libdev18f4620_a-pic18f4620.asm
                  _CCPR2H   0x000fbc       data     extern libdev18f4620_a-pic18f4620.asm
                  _CCPR2L   0x000fbb       data     extern libdev18f4620_a-pic18f4620.asm
                   _CMCON   0x000fb4       data     extern libdev18f4620_a-pic18f4620.asm
               _CMCONbits   0x000fb4       data     extern libdev18f4620_a-pic18f4620.asm
                  _CVRCON   0x000fb5       data     extern libdev18f4620_a-pic18f4620.asm
              _CVRCONbits   0x000fb5       data     extern libdev18f4620_a-pic18f4620.asm
                    _DDRA   0x000f92       data     extern libdev18f4620_a-pic18f4620.asm
                _DDRAbits   0x000f92       data     extern libdev18f4620_a-pic18f4620.asm
                    _DDRB   0x000f93       data     extern libdev18f4620_a-pic18f4620.asm
                _DDRBbits   0x000f93       data     extern libdev18f4620_a-pic18f4620.asm
                    _DDRC   0x000f94       data     extern libdev18f4620_a-pic18f4620.asm
                _DDRCbits   0x000f94       data     extern libdev18f4620_a-pic18f4620.asm
                    _DDRD   0x000f95       data     extern libdev18f4620_a-pic18f4620.asm
                _DDRDbits   0x000f95       data     extern libdev18f4620_a-pic18f4620.asm
                    _DDRE   0x000f96       data     extern libdev18f4620_a-pic18f4620.asm
                _DDREbits   0x000f96       data     extern libdev18f4620_a-pic18f4620.asm
                 _ECCP1AS   0x000fb6       data     extern libdev18f4620_a-pic18f4620.asm
             _ECCP1ASbits   0x000fb6       data     extern libdev18f4620_a-pic18f4620.asm
                   _EEADR   0x000fa9       data     extern libdev18f4620_a-pic18f4620.asm
                  _EEADRH   0x000faa       data     extern libdev18f4620_a-pic18f4620.asm
                  _EECON1   0x000fa6       data     extern libdev18f4620_a-pic18f4620.asm
              _EECON1bits   0x000fa6       data     extern libdev18f4620_a-pic18f4620.asm
                  _EECON2   0x000fa7       data     extern libdev18f4620_a-pic18f4620.asm
                  _EEDATA   0x000fa8       data     extern libdev18f4620_a-pic18f4620.asm
                   _FSR0H   0x000fea       data     extern libdev18f4620_a-pic18f4620.asm
                   _FSR0L   0x000fe9       data     extern libdev18f4620_a-pic18f4620.asm
                   _FSR1H   0x000fe2       data     extern libdev18f4620_a-pic18f4620.asm
                   _FSR1L   0x000fe1       data     extern libdev18f4620_a-pic18f4620.asm
                   _FSR2H   0x000fda       data     extern libdev18f4620_a-pic18f4620.asm
                   _FSR2L   0x000fd9       data     extern libdev18f4620_a-pic18f4620.asm
                 _HLVDCON   0x000fd2       data     extern libdev18f4620_a-pic18f4620.asm
             _HLVDCONbits   0x000fd2       data     extern libdev18f4620_a-pic18f4620.asm
                   _INDF0   0x000fef       data     extern libdev18f4620_a-pic18f4620.asm
                   _INDF1   0x000fe7       data     extern libdev18f4620_a-pic18f4620.asm
                   _INDF2   0x000fdf       data     extern libdev18f4620_a-pic18f4620.asm
                  _INTCON   0x000ff2       data     extern libdev18f4620_a-pic18f4620.asm
                 _INTCON2   0x000ff1       data     extern libdev18f4620_a-pic18f4620.asm
             _INTCON2bits   0x000ff1       data     extern libdev18f4620_a-pic18f4620.asm
                 _INTCON3   0x000ff0       data     extern libdev18f4620_a-pic18f4620.asm
             _INTCON3bits   0x000ff0       data     extern libdev18f4620_a-pic18f4620.asm
              _INTCONbits   0x000ff2       data     extern libdev18f4620_a-pic18f4620.asm
                    _IPR1   0x000f9f       data     extern libdev18f4620_a-pic18f4620.asm
                _IPR1bits   0x000f9f       data     extern libdev18f4620_a-pic18f4620.asm
                    _IPR2   0x000fa2       data     extern libdev18f4620_a-pic18f4620.asm
                _IPR2bits   0x000fa2       data     extern libdev18f4620_a-pic18f4620.asm
                    _LATA   0x000f89       data     extern libdev18f4620_a-pic18f4620.asm
                _LATAbits   0x000f89       data     extern libdev18f4620_a-pic18f4620.asm
                    _LATB   0x000f8a       data     extern libdev18f4620_a-pic18f4620.asm
                _LATBbits   0x000f8a       data     extern libdev18f4620_a-pic18f4620.asm
                    _LATC   0x000f8b       data     extern libdev18f4620_a-pic18f4620.asm
                _LATCbits   0x000f8b       data     extern libdev18f4620_a-pic18f4620.asm
                    _LATD   0x000f8c       data     extern libdev18f4620_a-pic18f4620.asm
                _LATDbits   0x000f8c       data     extern libdev18f4620_a-pic18f4620.asm
                    _LATE   0x000f8d       data     extern libdev18f4620_a-pic18f4620.asm
                _LATEbits   0x000f8d       data     extern libdev18f4620_a-pic18f4620.asm
                  _LVDCON   0x000fd2       data     extern libdev18f4620_a-pic18f4620.asm
              _LVDCONbits   0x000fd2       data     extern libdev18f4620_a-pic18f4620.asm
                  _OSCCON   0x000fd3       data     extern libdev18f4620_a-pic18f4620.asm
              _OSCCONbits   0x000fd3       data     extern libdev18f4620_a-pic18f4620.asm
                 _OSCTUNE   0x000f9b       data     extern libdev18f4620_a-pic18f4620.asm
             _OSCTUNEbits   0x000f9b       data     extern libdev18f4620_a-pic18f4620.asm
                      _PC   0x000ff9       data     extern libdev18f4620_a-pic18f4620.asm
                     _PCL   0x000ff9       data     extern libdev18f4620_a-pic18f4620.asm
                  _PCLATH   0x000ffa       data     extern libdev18f4620_a-pic18f4620.asm
                  _PCLATU   0x000ffb       data     extern libdev18f4620_a-pic18f4620.asm
                    _PIE1   0x000f9d       data     extern libdev18f4620_a-pic18f4620.asm
                _PIE1bits   0x000f9d       data     extern libdev18f4620_a-pic18f4620.asm
                    _PIE2   0x000fa0       data     extern libdev18f4620_a-pic18f4620.asm
                _PIE2bits   0x000fa0       data     extern libdev18f4620_a-pic18f4620.asm
                    _PIR1   0x000f9e       data     extern libdev18f4620_a-pic18f4620.asm
                _PIR1bits   0x000f9e       data     extern libdev18f4620_a-pic18f4620.asm
                    _PIR2   0x000fa1       data     extern libdev18f4620_a-pic18f4620.asm
                _PIR2bits   0x000fa1       data     extern libdev18f4620_a-pic18f4620.asm
                  _PLUSW0   0x000feb       data     extern libdev18f4620_a-pic18f4620.asm
                  _PLUSW1   0x000fe3       data     extern libdev18f4620_a-pic18f4620.asm
                  _PLUSW2   0x000fdb       data     extern libdev18f4620_a-pic18f4620.asm
                   _PORTA   0x000f80       data     extern libdev18f4620_a-pic18f4620.asm
               _PORTAbits   0x000f80       data     extern libdev18f4620_a-pic18f4620.asm
                   _PORTB   0x000f81       data     extern libdev18f4620_a-pic18f4620.asm
               _PORTBbits   0x000f81       data     extern libdev18f4620_a-pic18f4620.asm
                   _PORTC   0x000f82       data     extern libdev18f4620_a-pic18f4620.asm
               _PORTCbits   0x000f82       data     extern libdev18f4620_a-pic18f4620.asm
                   _PORTD   0x000f83       data     extern libdev18f4620_a-pic18f4620.asm
               _PORTDbits   0x000f83       data     extern libdev18f4620_a-pic18f4620.asm
                   _PORTE   0x000f84       data     extern libdev18f4620_a-pic18f4620.asm
               _PORTEbits   0x000f84       data     extern libdev18f4620_a-pic18f4620.asm
                _POSTDEC0   0x000fed       data     extern libdev18f4620_a-pic18f4620.asm
                _POSTDEC1   0x000fe5       data     extern libdev18f4620_a-pic18f4620.asm
                _POSTDEC2   0x000fdd       data     extern libdev18f4620_a-pic18f4620.asm
                _POSTINC0   0x000fee       data     extern libdev18f4620_a-pic18f4620.asm
                _POSTINC1   0x000fe6       data     extern libdev18f4620_a-pic18f4620.asm
                _POSTINC2   0x000fde       data     extern libdev18f4620_a-pic18f4620.asm
                     _PR2   0x000fcb       data     extern libdev18f4620_a-pic18f4620.asm
                 _PREINC0   0x000fec       data     extern libdev18f4620_a-pic18f4620.asm
                 _PREINC1   0x000fe4       data     extern libdev18f4620_a-pic18f4620.asm
                 _PREINC2   0x000fdc       data     extern libdev18f4620_a-pic18f4620.asm
                    _PROD   0x000ff3       data     extern libdev18f4620_a-pic18f4620.asm
                   _PRODH   0x000ff4       data     extern libdev18f4620_a-pic18f4620.asm
                   _PRODL   0x000ff3       data     extern libdev18f4620_a-pic18f4620.asm
                 _PWM1CON   0x000fb7       data     extern libdev18f4620_a-pic18f4620.asm
             _PWM1CONbits   0x000fb7       data     extern libdev18f4620_a-pic18f4620.asm
                    _RCON   0x000fd0       data     extern libdev18f4620_a-pic18f4620.asm
                _RCONbits   0x000fd0       data     extern libdev18f4620_a-pic18f4620.asm
                   _RCREG   0x000fae       data     extern libdev18f4620_a-pic18f4620.asm
                   _RCSTA   0x000fab       data     extern libdev18f4620_a-pic18f4620.asm
               _RCSTAbits   0x000fab       data     extern libdev18f4620_a-pic18f4620.asm
                   _SPBRG   0x000faf       data     extern libdev18f4620_a-pic18f4620.asm
                  _SPBRGH   0x000fb0       data     extern libdev18f4620_a-pic18f4620.asm
                  _SSPADD   0x000fc8       data     extern libdev18f4620_a-pic18f4620.asm
                  _SSPBUF   0x000fc9       data     extern libdev18f4620_a-pic18f4620.asm
                 _SSPCON1   0x000fc6       data     extern libdev18f4620_a-pic18f4620.asm
             _SSPCON1bits   0x000fc6       data     extern libdev18f4620_a-pic18f4620.asm
                 _SSPCON2   0x000fc5       data     extern libdev18f4620_a-pic18f4620.asm
             _SSPCON2bits   0x000fc5       data     extern libdev18f4620_a-pic18f4620.asm
                 _SSPSTAT   0x000fc7       data     extern libdev18f4620_a-pic18f4620.asm
             _SSPSTATbits   0x000fc7       data     extern libdev18f4620_a-pic18f4620.asm
                  _STATUS   0x000fd8       data     extern libdev18f4620_a-pic18f4620.asm
              _STATUSbits   0x000fd8       data     extern libdev18f4620_a-pic18f4620.asm
                  _STKPTR   0x000ffc       data     extern libdev18f4620_a-pic18f4620.asm
              _STKPTRbits   0x000ffc       data     extern libdev18f4620_a-pic18f4620.asm
                   _T0CON   0x000fd5       data     extern libdev18f4620_a-pic18f4620.asm
               _T0CONbits   0x000fd5       data     extern libdev18f4620_a-pic18f4620.asm
                   _T1CON   0x000fcd       data     extern libdev18f4620_a-pic18f4620.asm
               _T1CONbits   0x000fcd       data     extern libdev18f4620_a-pic18f4620.asm
                   _T2CON   0x000fca       data     extern libdev18f4620_a-pic18f4620.asm
               _T2CONbits   0x000fca       data     extern libdev18f4620_a-pic18f4620.asm
                   _T3CON   0x000fb1       data     extern libdev18f4620_a-pic18f4620.asm
               _T3CONbits   0x000fb1       data     extern libdev18f4620_a-pic18f4620.asm
                  _TABLAT   0x000ff5       data     extern libdev18f4620_a-pic18f4620.asm
                  _TBLPTR   0x000ff6       data     extern libdev18f4620_a-pic18f4620.asm
                 _TBLPTRH   0x000ff7       data     extern libdev18f4620_a-pic18f4620.asm
                 _TBLPTRL   0x000ff6       data     extern libdev18f4620_a-pic18f4620.asm
                 _TBLPTRU   0x000ff8       data     extern libdev18f4620_a-pic18f4620.asm
                    _TMR0   0x000fd6       data     extern libdev18f4620_a-pic18f4620.asm
                   _TMR0H   0x000fd7       data     extern libdev18f4620_a-pic18f4620.asm
                   _TMR0L   0x000fd6       data     extern libdev18f4620_a-pic18f4620.asm
                    _TMR1   0x000fce       data     extern libdev18f4620_a-pic18f4620.asm
                   _TMR1H   0x000fcf       data     extern libdev18f4620_a-pic18f4620.asm
                   _TMR1L   0x000fce       data     extern libdev18f4620_a-pic18f4620.asm
                    _TMR2   0x000fcc       data     extern libdev18f4620_a-pic18f4620.asm
                    _TMR3   0x000fb2       data     extern libdev18f4620_a-pic18f4620.asm
                   _TMR3H   0x000fb3       data     extern libdev18f4620_a-pic18f4620.asm
                   _TMR3L   0x000fb2       data     extern libdev18f4620_a-pic18f4620.asm
                     _TOS   0x000ffd       data     extern libdev18f4620_a-pic18f4620.asm
                    _TOSH   0x000ffe       data     extern libdev18f4620_a-pic18f4620.asm
                    _TOSL   0x000ffd       data     extern libdev18f4620_a-pic18f4620.asm
                    _TOSU   0x000fff       data     extern libdev18f4620_a-pic18f4620.asm
                   _TRISA   0x000f92       data     extern libdev18f4620_a-pic18f4620.asm
               _TRISAbits   0x000f92       data     extern libdev18f4620_a-pic18f4620.asm
                   _TRISB   0x000f93       data     extern libdev18f4620_a-pic18f4620.asm
               _TRISBbits   0x000f93       data     extern libdev18f4620_a-pic18f4620.asm
                   _TRISC   0x000f94       data     extern libdev18f4620_a-pic18f4620.asm
               _TRISCbits   0x000f94       data     extern libdev18f4620_a-pic18f4620.asm
                   _TRISD   0x000f95       data     extern libdev18f4620_a-pic18f4620.asm
               _TRISDbits   0x000f95       data     extern libdev18f4620_a-pic18f4620.asm
                   _TRISE   0x000f96       data     extern libdev18f4620_a-pic18f4620.asm
               _TRISEbits   0x000f96       data     extern libdev18f4620_a-pic18f4620.asm
                   _TXREG   0x000fad       data     extern libdev18f4620_a-pic18f4620.asm
                   _TXSTA   0x000fac       data     extern libdev18f4620_a-pic18f4620.asm
               _TXSTAbits   0x000fac       data     extern libdev18f4620_a-pic18f4620.asm
            _USART_Status   0x000f05       data     extern libio18f4620_a-usartd.asm
                  _WDTCON   0x000fd1       data     extern libdev18f4620_a-pic18f4620.asm
              _WDTCONbits   0x000fd1       data     extern libdev18f4620_a-pic18f4620.asm
                    _WREG   0x000fe8       data     extern libdev18f4620_a-pic18f4620.asm
     ___eeprom16_gptrget1   0x0007ce    program     extern eeprom16_gptrget1.asm
       ___eeprom_gptrget1   0x000004    program     extern gptr/eeprom16_gptrget1_dispatch.S
                  __debug   0x00080e    program     extern testo_printer_emulator.asm
                  __entry   0x000000    program     extern crt0.asm
               __gptrget1   0x0007ac    program     extern gptrget1.asm
                __mullong   0x00001c    program     extern mullong.asm
         __mullong_t1_1_2   0x0000f8       data     static mullong.asm
         __mullong_t2_1_2   0x0000fc       data     static mullong.asm
          __mullong_t_1_2   0x0000f4       data     static mullong.asm
          __mullong_x_1_2   0x0000ec       data     static mullong.asm
          __mullong_y_1_2   0x0000f0       data     static mullong.asm
                __startup   0x0007ea    program     extern crt0.asm
                  __str_0   0x00057a    program     static testo_printer_emulator.asm
             _fifo_buffer   0x000080       data     extern testo_printer_emulator.asm
               _fifo_head   0x000f00       data     extern testo_printer_emulator.asm
               _fifo_tail   0x000f02       data     extern testo_printer_emulator.asm
                       _i   0x000f04       data     extern testo_printer_emulator.asm
             _init_system   0x00071c    program     extern testo_printer_emulator.asm
           _isr_high_prio   0x0004d0    program     static testo_printer_emulator.asm
            _isr_low_prio   0x0005a2    program     static testo_printer_emulator.asm
                 _lab_01_   0x0007b8    program     static gptrget1.asm
                    _main   0x0006ae    program     extern testo_printer_emulator.asm
           _my_usart_open   0x00075a    program     extern testo_printer_emulator.asm
                _sleep_ms   0x000380    program     extern testo_printer_emulator.asm
              _sleep_tick   0x000230    program     extern testo_printer_emulator.asm
                   _stack   0x000700       data     extern stack/stack.S
               _stack_end   0x0007ff       data     extern stack/stack.S
              _timer_0_ms   0x0000e4       data     extern testo_printer_emulator.asm
                 _timer_1   0x0000e8       data     extern testo_printer_emulator.asm
              _usart_busy   0x00000c    program     extern libio18f4620_a-ubusy.asm
              _usart_drdy   0x00081c    program     extern libio18f4620_a-udrdy.asm
              _usart_getc   0x000784    program     extern libio18f4620_a-ugetc.asm
              _usart_putc   0x0007fe    program     extern libio18f4620_a-uputc.asm
              _usart_puts   0x000636    program     extern libio18f4620_a-uputs.asm
   ivec_0x1_isr_high_prio   0x000008    program     static testo_printer_emulator.asm
    ivec_0x2_isr_low_prio   0x000018    program     static testo_printer_emulator.asm
                   lockup   0x0007fc    program     static crt0.asm
                    r0x00   0x000000       data     static testo_printer_emulator.asm
                    r0x00   0x000000       data     static libio18f4620_a-uputs.asm
                    r0x00   0x000000       data     static mullong.asm
                    r0x01   0x000001       data     static libio18f4620_a-uputs.asm
                    r0x01   0x000001       data     static mullong.asm
                    r0x01   0x000001       data     static testo_printer_emulator.asm
                    r0x02   0x000002       data     static libio18f4620_a-uputs.asm
                    r0x02   0x000002       data     static mullong.asm
                    r0x02   0x000002       data     static testo_printer_emulator.asm
                    r0x03   0x000003       data     static libio18f4620_a-uputs.asm
                    r0x03   0x000003       data     static testo_printer_emulator.asm
                    r0x03   0x000003       data     static mullong.asm
                    r0x04   0x000004       data     static testo_printer_emulator.asm
                    r0x04   0x000004       data     static mullong.asm
                    r0x05   0x000005       data     static testo_printer_emulator.asm
                    r0x05   0x000005       data     static mullong.asm
                    r0x06   0x000006       data     static testo_printer_emulator.asm
                    r0x06   0x000006       data     static mullong.asm
                    r0x07   0x000007       data     static testo_printer_emulator.asm
                    r0x07   0x000007       data     static mullong.asm
                    r0x08   0x000008       data     static testo_printer_emulator.asm
                    r0x09   0x000009       data     static testo_printer_emulator.asm
                    r0x0a   0x00000a       data     static testo_printer_emulator.asm
                    r0x0b   0x00000b       data     static testo_printer_emulator.asm
                    r0x0c   0x00000c       data     static testo_printer_emulator.asm
                    r0x0d   0x00000d       data     static testo_printer_emulator.asm
                    r0x0e   0x00000e       data     static testo_printer_emulator.asm
                    r0x0f   0x00000f       data     static testo_printer_emulator.asm



                              Symbols - Sorted by Address
                     Name    Address   Location    Storage File
                ---------  ---------  ---------  --------- ---------
                  __entry   0x000000    program     extern crt0.asm
                    r0x00   0x000000       data     static mullong.asm
                    r0x00   0x000000       data     static libio18f4620_a-uputs.asm
                    r0x00   0x000000       data     static testo_printer_emulator.asm
                    r0x01   0x000001       data     static libio18f4620_a-uputs.asm
                    r0x01   0x000001       data     static testo_printer_emulator.asm
                    r0x01   0x000001       data     static mullong.asm
                    r0x02   0x000002       data     static testo_printer_emulator.asm
                    r0x02   0x000002       data     static libio18f4620_a-uputs.asm
                    r0x02   0x000002       data     static mullong.asm
                    r0x03   0x000003       data     static libio18f4620_a-uputs.asm
                    r0x03   0x000003       data     static testo_printer_emulator.asm
                    r0x03   0x000003       data     static mullong.asm
                    r0x04   0x000004       data     static mullong.asm
       ___eeprom_gptrget1   0x000004    program     extern gptr/eeprom16_gptrget1_dispatch.S
                    r0x04   0x000004       data     static testo_printer_emulator.asm
                    r0x05   0x000005       data     static mullong.asm
                    r0x05   0x000005       data     static testo_printer_emulator.asm
                    r0x06   0x000006       data     static testo_printer_emulator.asm
                    r0x06   0x000006       data     static mullong.asm
                    r0x07   0x000007       data     static mullong.asm
                    r0x07   0x000007       data     static testo_printer_emulator.asm
   ivec_0x1_isr_high_prio   0x000008    program     static testo_printer_emulator.asm
                    r0x08   0x000008       data     static testo_printer_emulator.asm
                    r0x09   0x000009       data     static testo_printer_emulator.asm
                    r0x0a   0x00000a       data     static testo_printer_emulator.asm
                    r0x0b   0x00000b       data     static testo_printer_emulator.asm
                    r0x0c   0x00000c       data     static testo_printer_emulator.asm
              _usart_busy   0x00000c    program     extern libio18f4620_a-ubusy.asm
                    r0x0d   0x00000d       data     static testo_printer_emulator.asm
                    r0x0e   0x00000e       data     static testo_printer_emulator.asm
                    r0x0f   0x00000f       data     static testo_printer_emulator.asm
    ivec_0x2_isr_low_prio   0x000018    program     static testo_printer_emulator.asm
                __mullong   0x00001c    program     extern mullong.asm
             _fifo_buffer   0x000080       data     extern testo_printer_emulator.asm
              _timer_0_ms   0x0000e4       data     extern testo_printer_emulator.asm
                 _timer_1   0x0000e8       data     extern testo_printer_emulator.asm
          __mullong_x_1_2   0x0000ec       data     static mullong.asm
          __mullong_y_1_2   0x0000f0       data     static mullong.asm
          __mullong_t_1_2   0x0000f4       data     static mullong.asm
         __mullong_t1_1_2   0x0000f8       data     static mullong.asm
         __mullong_t2_1_2   0x0000fc       data     static mullong.asm
              _sleep_tick   0x000230    program     extern testo_printer_emulator.asm
               _00157_DS_   0x0002a0    program     static testo_printer_emulator.asm
               _00162_DS_   0x000310    program     static testo_printer_emulator.asm
               _00163_DS_   0x000320    program     static testo_printer_emulator.asm
               _00170_DS_   0x000336    program     static testo_printer_emulator.asm
                _sleep_ms   0x000380    program     extern testo_printer_emulator.asm
               _00139_DS_   0x0003f0    program     static testo_printer_emulator.asm
               _00144_DS_   0x000460    program     static testo_printer_emulator.asm
               _00145_DS_   0x000470    program     static testo_printer_emulator.asm
               _00152_DS_   0x000486    program     static testo_printer_emulator.asm
           _isr_high_prio   0x0004d0    program     static testo_printer_emulator.asm
               _00114_DS_   0x000544    program     static testo_printer_emulator.asm
               _00117_DS_   0x000552    program     static testo_printer_emulator.asm
                  __str_0   0x00057a    program     static testo_printer_emulator.asm
            _isr_low_prio   0x0005a2    program     static testo_printer_emulator.asm
               _10185_DS_   0x0005f4    program     static testo_printer_emulator.asm
               _00123_DS_   0x0005f4    program     static testo_printer_emulator.asm
               _00134_DS_   0x0005f4    program     static testo_printer_emulator.asm
               _00126_DS_   0x00060a    program     static testo_printer_emulator.asm
              _usart_puts   0x000636    program     extern libio18f4620_a-uputs.asm
               _00105_DS_   0x000660    program     static libio18f4620_a-uputs.asm
               _00120_DS_   0x000694    program     static libio18f4620_a-uputs.asm
                    _main   0x0006ae    program     extern testo_printer_emulator.asm
                   _stack   0x000700       data     extern stack/stack.S
               _00106_DS_   0x000718    program     static testo_printer_emulator.asm
             _init_system   0x00071c    program     extern testo_printer_emulator.asm
           _my_usart_open   0x00075a    program     extern testo_printer_emulator.asm
              _usart_getc   0x000784    program     extern libio18f4620_a-ugetc.asm
               _10105_DS_   0x000798    program     static libio18f4620_a-ugetc.asm
               _00108_DS_   0x000798    program     static libio18f4620_a-ugetc.asm
               _00110_DS_   0x0007a0    program     static libio18f4620_a-ugetc.asm
               _00112_DS_   0x0007a8    program     static libio18f4620_a-ugetc.asm
               __gptrget1   0x0007ac    program     extern gptrget1.asm
                 _lab_01_   0x0007b8    program     static gptrget1.asm
     ___eeprom16_gptrget1   0x0007ce    program     extern eeprom16_gptrget1.asm
                __startup   0x0007ea    program     extern crt0.asm
                   lockup   0x0007fc    program     static crt0.asm
              _usart_putc   0x0007fe    program     extern libio18f4620_a-uputc.asm
               _stack_end   0x0007ff       data     extern stack/stack.S
                     _01_   0x00080a    program     static libio18f4620_a-uputc.asm
                  __debug   0x00080e    program     extern testo_printer_emulator.asm
              _usart_drdy   0x00081c    program     extern libio18f4620_a-udrdy.asm
               _fifo_head   0x000f00       data     extern testo_printer_emulator.asm
               _fifo_tail   0x000f02       data     extern testo_printer_emulator.asm
                       _i   0x000f04       data     extern testo_printer_emulator.asm
            _USART_Status   0x000f05       data     extern libio18f4620_a-usartd.asm
               _PORTAbits   0x000f80       data     extern libdev18f4620_a-pic18f4620.asm
                   _PORTA   0x000f80       data     extern libdev18f4620_a-pic18f4620.asm
                   _PORTB   0x000f81       data     extern libdev18f4620_a-pic18f4620.asm
               _PORTBbits   0x000f81       data     extern libdev18f4620_a-pic18f4620.asm
                   _PORTC   0x000f82       data     extern libdev18f4620_a-pic18f4620.asm
               _PORTCbits   0x000f82       data     extern libdev18f4620_a-pic18f4620.asm
                   _PORTD   0x000f83       data     extern libdev18f4620_a-pic18f4620.asm
               _PORTDbits   0x000f83       data     extern libdev18f4620_a-pic18f4620.asm
                   _PORTE   0x000f84       data     extern libdev18f4620_a-pic18f4620.asm
               _PORTEbits   0x000f84       data     extern libdev18f4620_a-pic18f4620.asm
                _LATAbits   0x000f89       data     extern libdev18f4620_a-pic18f4620.asm
                    _LATA   0x000f89       data     extern libdev18f4620_a-pic18f4620.asm
                    _LATB   0x000f8a       data     extern libdev18f4620_a-pic18f4620.asm
                _LATBbits   0x000f8a       data     extern libdev18f4620_a-pic18f4620.asm
                _LATCbits   0x000f8b       data     extern libdev18f4620_a-pic18f4620.asm
                    _LATC   0x000f8b       data     extern libdev18f4620_a-pic18f4620.asm
                _LATDbits   0x000f8c       data     extern libdev18f4620_a-pic18f4620.asm
                    _LATD   0x000f8c       data     extern libdev18f4620_a-pic18f4620.asm
                    _LATE   0x000f8d       data     extern libdev18f4620_a-pic18f4620.asm
                _LATEbits   0x000f8d       data     extern libdev18f4620_a-pic18f4620.asm
                _DDRAbits   0x000f92       data     extern libdev18f4620_a-pic18f4620.asm
                    _DDRA   0x000f92       data     extern libdev18f4620_a-pic18f4620.asm
                   _TRISA   0x000f92       data     extern libdev18f4620_a-pic18f4620.asm
               _TRISAbits   0x000f92       data     extern libdev18f4620_a-pic18f4620.asm
                _DDRBbits   0x000f93       data     extern libdev18f4620_a-pic18f4620.asm
               _TRISBbits   0x000f93       data     extern libdev18f4620_a-pic18f4620.asm
                   _TRISB   0x000f93       data     extern libdev18f4620_a-pic18f4620.asm
                    _DDRB   0x000f93       data     extern libdev18f4620_a-pic18f4620.asm
                    _DDRC   0x000f94       data     extern libdev18f4620_a-pic18f4620.asm
               _TRISCbits   0x000f94       data     extern libdev18f4620_a-pic18f4620.asm
                   _TRISC   0x000f94       data     extern libdev18f4620_a-pic18f4620.asm
                _DDRCbits   0x000f94       data     extern libdev18f4620_a-pic18f4620.asm
                   _TRISD   0x000f95       data     extern libdev18f4620_a-pic18f4620.asm
                _DDRDbits   0x000f95       data     extern libdev18f4620_a-pic18f4620.asm
                    _DDRD   0x000f95       data     extern libdev18f4620_a-pic18f4620.asm
               _TRISDbits   0x000f95       data     extern libdev18f4620_a-pic18f4620.asm
                    _DDRE   0x000f96       data     extern libdev18f4620_a-pic18f4620.asm
                   _TRISE   0x000f96       data     extern libdev18f4620_a-pic18f4620.asm
               _TRISEbits   0x000f96       data     extern libdev18f4620_a-pic18f4620.asm
                _DDREbits   0x000f96       data     extern libdev18f4620_a-pic18f4620.asm
             _OSCTUNEbits   0x000f9b       data     extern libdev18f4620_a-pic18f4620.asm
                 _OSCTUNE   0x000f9b       data     extern libdev18f4620_a-pic18f4620.asm
                _PIE1bits   0x000f9d       data     extern libdev18f4620_a-pic18f4620.asm
                    _PIE1   0x000f9d       data     extern libdev18f4620_a-pic18f4620.asm
                _PIR1bits   0x000f9e       data     extern libdev18f4620_a-pic18f4620.asm
                    _PIR1   0x000f9e       data     extern libdev18f4620_a-pic18f4620.asm
                _IPR1bits   0x000f9f       data     extern libdev18f4620_a-pic18f4620.asm
                    _IPR1   0x000f9f       data     extern libdev18f4620_a-pic18f4620.asm
                    _PIE2   0x000fa0       data     extern libdev18f4620_a-pic18f4620.asm
                _PIE2bits   0x000fa0       data     extern libdev18f4620_a-pic18f4620.asm
                _PIR2bits   0x000fa1       data     extern libdev18f4620_a-pic18f4620.asm
                    _PIR2   0x000fa1       data     extern libdev18f4620_a-pic18f4620.asm
                _IPR2bits   0x000fa2       data     extern libdev18f4620_a-pic18f4620.asm
                    _IPR2   0x000fa2       data     extern libdev18f4620_a-pic18f4620.asm
              _EECON1bits   0x000fa6       data     extern libdev18f4620_a-pic18f4620.asm
                  _EECON1   0x000fa6       data     extern libdev18f4620_a-pic18f4620.asm
                  _EECON2   0x000fa7       data     extern libdev18f4620_a-pic18f4620.asm
                  _EEDATA   0x000fa8       data     extern libdev18f4620_a-pic18f4620.asm
                   _EEADR   0x000fa9       data     extern libdev18f4620_a-pic18f4620.asm
                  _EEADRH   0x000faa       data     extern libdev18f4620_a-pic18f4620.asm
                   _RCSTA   0x000fab       data     extern libdev18f4620_a-pic18f4620.asm
               _RCSTAbits   0x000fab       data     extern libdev18f4620_a-pic18f4620.asm
                   _TXSTA   0x000fac       data     extern libdev18f4620_a-pic18f4620.asm
               _TXSTAbits   0x000fac       data     extern libdev18f4620_a-pic18f4620.asm
                   _TXREG   0x000fad       data     extern libdev18f4620_a-pic18f4620.asm
                   _RCREG   0x000fae       data     extern libdev18f4620_a-pic18f4620.asm
                   _SPBRG   0x000faf       data     extern libdev18f4620_a-pic18f4620.asm
                  _SPBRGH   0x000fb0       data     extern libdev18f4620_a-pic18f4620.asm
                   _T3CON   0x000fb1       data     extern libdev18f4620_a-pic18f4620.asm
               _T3CONbits   0x000fb1       data     extern libdev18f4620_a-pic18f4620.asm
                   _TMR3L   0x000fb2       data     extern libdev18f4620_a-pic18f4620.asm
                    _TMR3   0x000fb2       data     extern libdev18f4620_a-pic18f4620.asm
                   _TMR3H   0x000fb3       data     extern libdev18f4620_a-pic18f4620.asm
               _CMCONbits   0x000fb4       data     extern libdev18f4620_a-pic18f4620.asm
                   _CMCON   0x000fb4       data     extern libdev18f4620_a-pic18f4620.asm
              _CVRCONbits   0x000fb5       data     extern libdev18f4620_a-pic18f4620.asm
                  _CVRCON   0x000fb5       data     extern libdev18f4620_a-pic18f4620.asm
             _ECCP1ASbits   0x000fb6       data     extern libdev18f4620_a-pic18f4620.asm
                 _ECCP1AS   0x000fb6       data     extern libdev18f4620_a-pic18f4620.asm
                 _PWM1CON   0x000fb7       data     extern libdev18f4620_a-pic18f4620.asm
             _PWM1CONbits   0x000fb7       data     extern libdev18f4620_a-pic18f4620.asm
             _BAUDCTLbits   0x000fb8       data     extern libdev18f4620_a-pic18f4620.asm
                 _BAUDCON   0x000fb8       data     extern libdev18f4620_a-pic18f4620.asm
             _BAUDCONbits   0x000fb8       data     extern libdev18f4620_a-pic18f4620.asm
                 _BAUDCTL   0x000fb8       data     extern libdev18f4620_a-pic18f4620.asm
                 _CCP2CON   0x000fba       data     extern libdev18f4620_a-pic18f4620.asm
             _CCP2CONbits   0x000fba       data     extern libdev18f4620_a-pic18f4620.asm
                  _CCPR2L   0x000fbb       data     extern libdev18f4620_a-pic18f4620.asm
                   _CCPR2   0x000fbb       data     extern libdev18f4620_a-pic18f4620.asm
                  _CCPR2H   0x000fbc       data     extern libdev18f4620_a-pic18f4620.asm
                 _CCP1CON   0x000fbd       data     extern libdev18f4620_a-pic18f4620.asm
             _CCP1CONbits   0x000fbd       data     extern libdev18f4620_a-pic18f4620.asm
                  _CCPR1L   0x000fbe       data     extern libdev18f4620_a-pic18f4620.asm
                   _CCPR1   0x000fbe       data     extern libdev18f4620_a-pic18f4620.asm
                  _CCPR1H   0x000fbf       data     extern libdev18f4620_a-pic18f4620.asm
                  _ADCON2   0x000fc0       data     extern libdev18f4620_a-pic18f4620.asm
              _ADCON2bits   0x000fc0       data     extern libdev18f4620_a-pic18f4620.asm
                  _ADCON1   0x000fc1       data     extern libdev18f4620_a-pic18f4620.asm
              _ADCON1bits   0x000fc1       data     extern libdev18f4620_a-pic18f4620.asm
              _ADCON0bits   0x000fc2       data     extern libdev18f4620_a-pic18f4620.asm
                  _ADCON0   0x000fc2       data     extern libdev18f4620_a-pic18f4620.asm
                  _ADRESL   0x000fc3       data     extern libdev18f4620_a-pic18f4620.asm
                   _ADRES   0x000fc3       data     extern libdev18f4620_a-pic18f4620.asm
                  _ADRESH   0x000fc4       data     extern libdev18f4620_a-pic18f4620.asm
             _SSPCON2bits   0x000fc5       data     extern libdev18f4620_a-pic18f4620.asm
                 _SSPCON2   0x000fc5       data     extern libdev18f4620_a-pic18f4620.asm
             _SSPCON1bits   0x000fc6       data     extern libdev18f4620_a-pic18f4620.asm
                 _SSPCON1   0x000fc6       data     extern libdev18f4620_a-pic18f4620.asm
                 _SSPSTAT   0x000fc7       data     extern libdev18f4620_a-pic18f4620.asm
             _SSPSTATbits   0x000fc7       data     extern libdev18f4620_a-pic18f4620.asm
                  _SSPADD   0x000fc8       data     extern libdev18f4620_a-pic18f4620.asm
                  _SSPBUF   0x000fc9       data     extern libdev18f4620_a-pic18f4620.asm
               _T2CONbits   0x000fca       data     extern libdev18f4620_a-pic18f4620.asm
                   _T2CON   0x000fca       data     extern libdev18f4620_a-pic18f4620.asm
                     _PR2   0x000fcb       data     extern libdev18f4620_a-pic18f4620.asm
                    _TMR2   0x000fcc       data     extern libdev18f4620_a-pic18f4620.asm
               _T1CONbits   0x000fcd       data     extern libdev18f4620_a-pic18f4620.asm
                   _T1CON   0x000fcd       data     extern libdev18f4620_a-pic18f4620.asm
                   _TMR1L   0x000fce       data     extern libdev18f4620_a-pic18f4620.asm
                    _TMR1   0x000fce       data     extern libdev18f4620_a-pic18f4620.asm
                   _TMR1H   0x000fcf       data     extern libdev18f4620_a-pic18f4620.asm
                _RCONbits   0x000fd0       data     extern libdev18f4620_a-pic18f4620.asm
                    _RCON   0x000fd0       data     extern libdev18f4620_a-pic18f4620.asm
              _WDTCONbits   0x000fd1       data     extern libdev18f4620_a-pic18f4620.asm
                  _WDTCON   0x000fd1       data     extern libdev18f4620_a-pic18f4620.asm
                  _LVDCON   0x000fd2       data     extern libdev18f4620_a-pic18f4620.asm
              _LVDCONbits   0x000fd2       data     extern libdev18f4620_a-pic18f4620.asm
             _HLVDCONbits   0x000fd2       data     extern libdev18f4620_a-pic18f4620.asm
                 _HLVDCON   0x000fd2       data     extern libdev18f4620_a-pic18f4620.asm
              _OSCCONbits   0x000fd3       data     extern libdev18f4620_a-pic18f4620.asm
                  _OSCCON   0x000fd3       data     extern libdev18f4620_a-pic18f4620.asm
                   _T0CON   0x000fd5       data     extern libdev18f4620_a-pic18f4620.asm
               _T0CONbits   0x000fd5       data     extern libdev18f4620_a-pic18f4620.asm
                    _TMR0   0x000fd6       data     extern libdev18f4620_a-pic18f4620.asm
                   _TMR0L   0x000fd6       data     extern libdev18f4620_a-pic18f4620.asm
                   _TMR0H   0x000fd7       data     extern libdev18f4620_a-pic18f4620.asm
                  _STATUS   0x000fd8       data     extern libdev18f4620_a-pic18f4620.asm
              _STATUSbits   0x000fd8       data     extern libdev18f4620_a-pic18f4620.asm
                   _FSR2L   0x000fd9       data     extern libdev18f4620_a-pic18f4620.asm
                   _FSR2H   0x000fda       data     extern libdev18f4620_a-pic18f4620.asm
                  _PLUSW2   0x000fdb       data     extern libdev18f4620_a-pic18f4620.asm
                 _PREINC2   0x000fdc       data     extern libdev18f4620_a-pic18f4620.asm
                _POSTDEC2   0x000fdd       data     extern libdev18f4620_a-pic18f4620.asm
                _POSTINC2   0x000fde       data     extern libdev18f4620_a-pic18f4620.asm
                   _INDF2   0x000fdf       data     extern libdev18f4620_a-pic18f4620.asm
                     _BSR   0x000fe0       data     extern libdev18f4620_a-pic18f4620.asm
                   _FSR1L   0x000fe1       data     extern libdev18f4620_a-pic18f4620.asm
                   _FSR1H   0x000fe2       data     extern libdev18f4620_a-pic18f4620.asm
                  _PLUSW1   0x000fe3       data     extern libdev18f4620_a-pic18f4620.asm
                 _PREINC1   0x000fe4       data     extern libdev18f4620_a-pic18f4620.asm
                _POSTDEC1   0x000fe5       data     extern libdev18f4620_a-pic18f4620.asm
                _POSTINC1   0x000fe6       data     extern libdev18f4620_a-pic18f4620.asm
                   _INDF1   0x000fe7       data     extern libdev18f4620_a-pic18f4620.asm
                    _WREG   0x000fe8       data     extern libdev18f4620_a-pic18f4620.asm
                   _FSR0L   0x000fe9       data     extern libdev18f4620_a-pic18f4620.asm
                   _FSR0H   0x000fea       data     extern libdev18f4620_a-pic18f4620.asm
                  _PLUSW0   0x000feb       data     extern libdev18f4620_a-pic18f4620.asm
                 _PREINC0   0x000fec       data     extern libdev18f4620_a-pic18f4620.asm
                _POSTDEC0   0x000fed       data     extern libdev18f4620_a-pic18f4620.asm
                _POSTINC0   0x000fee       data     extern libdev18f4620_a-pic18f4620.asm
                   _INDF0   0x000fef       data     extern libdev18f4620_a-pic18f4620.asm
                 _INTCON3   0x000ff0       data     extern libdev18f4620_a-pic18f4620.asm
             _INTCON3bits   0x000ff0       data     extern libdev18f4620_a-pic18f4620.asm
             _INTCON2bits   0x000ff1       data     extern libdev18f4620_a-pic18f4620.asm
                 _INTCON2   0x000ff1       data     extern libdev18f4620_a-pic18f4620.asm
                  _INTCON   0x000ff2       data     extern libdev18f4620_a-pic18f4620.asm
              _INTCONbits   0x000ff2       data     extern libdev18f4620_a-pic18f4620.asm
                    _PROD   0x000ff3       data     extern libdev18f4620_a-pic18f4620.asm
                   _PRODL   0x000ff3       data     extern libdev18f4620_a-pic18f4620.asm
                   _PRODH   0x000ff4       data     extern libdev18f4620_a-pic18f4620.asm
                  _TABLAT   0x000ff5       data     extern libdev18f4620_a-pic18f4620.asm
                 _TBLPTRL   0x000ff6       data     extern libdev18f4620_a-pic18f4620.asm
                  _TBLPTR   0x000ff6       data     extern libdev18f4620_a-pic18f4620.asm
                 _TBLPTRH   0x000ff7       data     extern libdev18f4620_a-pic18f4620.asm
                 _TBLPTRU   0x000ff8       data     extern libdev18f4620_a-pic18f4620.asm
                      _PC   0x000ff9       data     extern libdev18f4620_a-pic18f4620.asm
                     _PCL   0x000ff9       data     extern libdev18f4620_a-pic18f4620.asm
                  _PCLATH   0x000ffa       data     extern libdev18f4620_a-pic18f4620.asm
                  _PCLATU   0x000ffb       data     extern libdev18f4620_a-pic18f4620.asm
                  _STKPTR   0x000ffc       data     extern libdev18f4620_a-pic18f4620.asm
              _STKPTRbits   0x000ffc       data     extern libdev18f4620_a-pic18f4620.asm
                     _TOS   0x000ffd       data     extern libdev18f4620_a-pic18f4620.asm
                    _TOSL   0x000ffd       data     extern libdev18f4620_a-pic18f4620.asm
                    _TOSH   0x000ffe       data     extern libdev18f4620_a-pic18f4620.asm
                    _TOSU   0x000fff       data     extern libdev18f4620_a-pic18f4620.asm


